Archive member included to satisfy reference by file (symbol)

c:/intelfpga_lite/18.1/nios2eds/bin/gnu/h-x86_64-mingw32/bin/../lib/gcc/nios2-elf/5.3.0/../../../../../H-x86_64-mingw32/nios2-elf/lib\libc.a(lib_a-puts.o)
                              obj/default/main.o (puts)
c:/intelfpga_lite/18.1/nios2eds/bin/gnu/h-x86_64-mingw32/bin/../lib/gcc/nios2-elf/5.3.0/../../../../../H-x86_64-mingw32/nios2-elf/lib\libc.a(lib_a-strlen.o)
                              c:/intelfpga_lite/18.1/nios2eds/bin/gnu/h-x86_64-mingw32/bin/../lib/gcc/nios2-elf/5.3.0/../../../../../H-x86_64-mingw32/nios2-elf/lib\libc.a(lib_a-puts.o) (strlen)
c:/intelfpga_lite/18.1/nios2eds/bin/gnu/h-x86_64-mingw32/bin/../lib/gcc/nios2-elf/5.3.0/../../../../../H-x86_64-mingw32/nios2-elf/lib\libc.a(lib_a-findfp.o)
                              c:/intelfpga_lite/18.1/nios2eds/bin/gnu/h-x86_64-mingw32/bin/../lib/gcc/nios2-elf/5.3.0/../../../../../H-x86_64-mingw32/nios2-elf/lib\libc.a(lib_a-puts.o) (__sinit)
c:/intelfpga_lite/18.1/nios2eds/bin/gnu/h-x86_64-mingw32/bin/../lib/gcc/nios2-elf/5.3.0/../../../../../H-x86_64-mingw32/nios2-elf/lib\libc.a(lib_a-fvwrite.o)
                              c:/intelfpga_lite/18.1/nios2eds/bin/gnu/h-x86_64-mingw32/bin/../lib/gcc/nios2-elf/5.3.0/../../../../../H-x86_64-mingw32/nios2-elf/lib\libc.a(lib_a-puts.o) (__sfvwrite_r)
c:/intelfpga_lite/18.1/nios2eds/bin/gnu/h-x86_64-mingw32/bin/../lib/gcc/nios2-elf/5.3.0/../../../../../H-x86_64-mingw32/nios2-elf/lib\libc.a(lib_a-fwalk.o)
                              c:/intelfpga_lite/18.1/nios2eds/bin/gnu/h-x86_64-mingw32/bin/../lib/gcc/nios2-elf/5.3.0/../../../../../H-x86_64-mingw32/nios2-elf/lib\libc.a(lib_a-findfp.o) (_fwalk)
c:/intelfpga_lite/18.1/nios2eds/bin/gnu/h-x86_64-mingw32/bin/../lib/gcc/nios2-elf/5.3.0/../../../../../H-x86_64-mingw32/nios2-elf/lib\libc.a(lib_a-impure.o)
                              c:/intelfpga_lite/18.1/nios2eds/bin/gnu/h-x86_64-mingw32/bin/../lib/gcc/nios2-elf/5.3.0/../../../../../H-x86_64-mingw32/nios2-elf/lib\libc.a(lib_a-findfp.o) (_global_impure_ptr)
c:/intelfpga_lite/18.1/nios2eds/bin/gnu/h-x86_64-mingw32/bin/../lib/gcc/nios2-elf/5.3.0/../../../../../H-x86_64-mingw32/nios2-elf/lib\libc.a(lib_a-mallocr.o)
                              c:/intelfpga_lite/18.1/nios2eds/bin/gnu/h-x86_64-mingw32/bin/../lib/gcc/nios2-elf/5.3.0/../../../../../H-x86_64-mingw32/nios2-elf/lib\libc.a(lib_a-findfp.o) (_malloc_r)
c:/intelfpga_lite/18.1/nios2eds/bin/gnu/h-x86_64-mingw32/bin/../lib/gcc/nios2-elf/5.3.0/../../../../../H-x86_64-mingw32/nios2-elf/lib\libc.a(lib_a-memchr.o)
                              c:/intelfpga_lite/18.1/nios2eds/bin/gnu/h-x86_64-mingw32/bin/../lib/gcc/nios2-elf/5.3.0/../../../../../H-x86_64-mingw32/nios2-elf/lib\libc.a(lib_a-fvwrite.o) (memchr)
c:/intelfpga_lite/18.1/nios2eds/bin/gnu/h-x86_64-mingw32/bin/../lib/gcc/nios2-elf/5.3.0/../../../../../H-x86_64-mingw32/nios2-elf/lib\libc.a(lib_a-memcpy.o)
                              c:/intelfpga_lite/18.1/nios2eds/bin/gnu/h-x86_64-mingw32/bin/../lib/gcc/nios2-elf/5.3.0/../../../../../H-x86_64-mingw32/nios2-elf/lib\libc.a(lib_a-fvwrite.o) (memcpy)
c:/intelfpga_lite/18.1/nios2eds/bin/gnu/h-x86_64-mingw32/bin/../lib/gcc/nios2-elf/5.3.0/../../../../../H-x86_64-mingw32/nios2-elf/lib\libc.a(lib_a-memmove.o)
                              c:/intelfpga_lite/18.1/nios2eds/bin/gnu/h-x86_64-mingw32/bin/../lib/gcc/nios2-elf/5.3.0/../../../../../H-x86_64-mingw32/nios2-elf/lib\libc.a(lib_a-fvwrite.o) (memmove)
c:/intelfpga_lite/18.1/nios2eds/bin/gnu/h-x86_64-mingw32/bin/../lib/gcc/nios2-elf/5.3.0/../../../../../H-x86_64-mingw32/nios2-elf/lib\libc.a(lib_a-memset.o)
                              c:/intelfpga_lite/18.1/nios2eds/bin/gnu/h-x86_64-mingw32/bin/../lib/gcc/nios2-elf/5.3.0/../../../../../H-x86_64-mingw32/nios2-elf/lib\libc.a(lib_a-findfp.o) (memset)
c:/intelfpga_lite/18.1/nios2eds/bin/gnu/h-x86_64-mingw32/bin/../lib/gcc/nios2-elf/5.3.0/../../../../../H-x86_64-mingw32/nios2-elf/lib\libc.a(lib_a-reallocr.o)
                              c:/intelfpga_lite/18.1/nios2eds/bin/gnu/h-x86_64-mingw32/bin/../lib/gcc/nios2-elf/5.3.0/../../../../../H-x86_64-mingw32/nios2-elf/lib\libc.a(lib_a-fvwrite.o) (_realloc_r)
c:/intelfpga_lite/18.1/nios2eds/bin/gnu/h-x86_64-mingw32/bin/../lib/gcc/nios2-elf/5.3.0/../../../../../H-x86_64-mingw32/nios2-elf/lib\libc.a(lib_a-sbrkr.o)
                              c:/intelfpga_lite/18.1/nios2eds/bin/gnu/h-x86_64-mingw32/bin/../lib/gcc/nios2-elf/5.3.0/../../../../../H-x86_64-mingw32/nios2-elf/lib\libc.a(lib_a-mallocr.o) (_sbrk_r)
c:/intelfpga_lite/18.1/nios2eds/bin/gnu/h-x86_64-mingw32/bin/../lib/gcc/nios2-elf/5.3.0/../../../../../H-x86_64-mingw32/nios2-elf/lib\libc.a(lib_a-stdio.o)
                              c:/intelfpga_lite/18.1/nios2eds/bin/gnu/h-x86_64-mingw32/bin/../lib/gcc/nios2-elf/5.3.0/../../../../../H-x86_64-mingw32/nios2-elf/lib\libc.a(lib_a-findfp.o) (__sread)
[...]
Memory Configuration

Name             Origin             Length             Attributes
reset            0x0000000000800000 0x0000000000000020
sdram            0x0000000000800020 0x00000000007fffe0
onchip_mem       0x0000000001008000 0x0000000000007800
*default*        0x0000000000000000 0xffffffffffffffff

Linker script and memory map

LOAD C:/Projects/University/303-Assignment/pacemaker_c_implementation_bsp//obj/HAL/src/crt0.o
LOAD obj/default/buttons_test.o
LOAD obj/default/main.o
LOAD obj/default/switches.o
LOAD obj/default/uart_test.o
LOAD c:/intelfpga_lite/18.1/nios2eds/bin/gnu/h-x86_64-mingw32/bin/../lib/gcc/nios2-elf/5.3.0/../../../../../H-x86_64-mingw32/nios2-elf/lib\libstdc++.a
LOAD c:/intelfpga_lite/18.1/nios2eds/bin/gnu/h-x86_64-mingw32/bin/../lib/gcc/nios2-elf/5.3.0/../../../../../H-x86_64-mingw32/nios2-elf/lib\libm.a
LOAD c:/intelfpga_lite/18.1/nios2eds/bin/gnu/h-x86_64-mingw32/bin/../lib/gcc/nios2-elf/5.3.0\libgcc.a
START GROUP
LOAD c:/intelfpga_lite/18.1/nios2eds/bin/gnu/h-x86_64-mingw32/bin/../lib/gcc/nios2-elf/5.3.0/../../../../../H-x86_64-mingw32/nios2-elf/lib\libc.a
LOAD c:/intelfpga_lite/18.1/nios2eds/bin/gnu/h-x86_64-mingw32/bin/../lib/gcc/nios2-elf/5.3.0\libgcc.a
LOAD C:/Projects/University/303-Assignment/pacemaker_c_implementation_bsp/\libhal_bsp.a
LOAD c:/intelfpga_lite/18.1/nios2eds/bin/gnu/h-x86_64-mingw32/bin/../lib/gcc/nios2-elf/5.3.0/../../../../../H-x86_64-mingw32/nios2-elf/lib\libm.a
END GROUP
LOAD c:/intelfpga_lite/18.1/nios2eds/bin/gnu/h-x86_64-mingw32/bin/../lib/gcc/nios2-elf/5.3.0\libgcc.a
                0x0000000000800000                __alt_mem_sdram = 0x800000
                0x0000000001008000                __alt_mem_onchip_mem = 0x1008000

.entry          0x0000000000800000       0x20
 *(.entry)
 .entry         0x0000000000800000       0x20 C:/Projects/University/303-Assignment/pacemaker_c_implementation_bsp//obj/HAL/src/crt0.o
                0x0000000000800000                __reset

.exceptions     0x0000000000800020      0x224
                0x0000000000800020                PROVIDE (__ram_exceptions_start, ABSOLUTE (.))
                0x0000000000800020                . = ALIGN (0x20)
 *(.irq)
 *(.exceptions.entry.label)
 .exceptions.entry.label
                0x0000000000800020        0x0 C:/Projects/University/303-Assignment/pacemaker_c_implementation_bsp/\libhal_bsp.a(alt_irq_entry.o)
                0x0000000000800020                alt_irq_entry
 .exceptions.entry.label
                0x0000000000800020        0x0 C:/Projects/University/303-Assignment/pacemaker_c_implementation_bsp/\libhal_bsp.a(alt_exception_entry.o)
                0x0000000000800020                alt_exception
 *(.exceptions.entry.user)
 *(.exceptions.entry.ecc_fatal)
 *(.exceptions.entry)
 .exceptions.entry
                0x0000000000800020       0x54 C:/Projects/University/303-Assignment/pacemaker_c_implementation_bsp/\libhal_bsp.a(alt_exception_entry.o)
 *(.exceptions.irqtest.user)
 *(.exceptions.irqtest)
 .exceptions.irqtest
                0x0000000000800074       0x10 C:/Projects/University/303-Assignment/pacemaker_c_implementation_bsp/\libhal_bsp.a(alt_irq_entry.o)
 *(.exceptions.irqhandler.user)
 *(.exceptions.irqhandler)
 .exceptions.irqhandler
                0x0000000000800084        0x4 C:/Projects/University/303-Assignment/pacemaker_c_implementation_bsp/\libhal_bsp.a(alt_irq_entry.o)
 *(.exceptions.irqreturn.user)
 *(.exceptions.irqreturn)
 .exceptions.irqreturn
                0x0000000000800088        0x4 C:/Projects/University/303-Assignment/pacemaker_c_implementation_bsp/\libhal_bsp.a(alt_irq_entry.o)
 *(.exceptions.notirq.label)
 .exceptions.notirq.label
                0x000000000080008c        0x0 C:/Projects/University/303-Assignment/pacemaker_c_implementation_bsp/\libhal_bsp.a(alt_irq_entry.o)
 *(.exceptions.notirq.user)
 *(.exceptions.notirq)
 .exceptions.notirq
                0x000000000080008c        0x8 C:/Projects/University/303-Assignment/pacemaker_c_implementation_bsp/\libhal_bsp.a(alt_exception_entry.o)
 *(.exceptions.soft.user)
 *(.exceptions.soft)
 *(.exceptions.unknown.user)
 *(.exceptions.unknown)
 .exceptions.unknown
                0x0000000000800094       0x14 C:/Projects/University/303-Assignment/pacemaker_c_implementation_bsp/\libhal_bsp.a(alt_exception_entry.o)
 *(.exceptions.exit.label)
 .exceptions.exit.label
                0x00000000008000a8        0x0 C:/Projects/University/303-Assignment/pacemaker_c_implementation_bsp/\libhal_bsp.a(alt_irq_entry.o)
 .exceptions.exit.label
                0x00000000008000a8        0x0 C:/Projects/University/303-Assignment/pacemaker_c_implementation_bsp/\libhal_bsp.a(alt_exception_entry.o)
 *(.exceptions.exit.user)
 *(.exceptions.exit)
 .exceptions.exit
                0x00000000008000a8       0x54 C:/Projects/University/303-Assignment/pacemaker_c_implementation_bsp/\libhal_bsp.a(alt_exception_entry.o)
 *(.exceptions)
 .exceptions    0x00000000008000fc       0xd4 C:/Projects/University/303-Assignment/pacemaker_c_implementation_bsp/\libhal_bsp.a(alt_irq_handler.o)
                0x00000000008000fc                alt_irq_handler
 .exceptions    0x00000000008001d0       0x74 C:/Projects/University/303-Assignment/pacemaker_c_implementation_bsp/\libhal_bsp.a(alt_instruction_exception_entry.o)
                0x00000000008001d0                alt_instruction_exception_entry
                0x0000000000800244                PROVIDE (__ram_exceptions_end, ABSOLUTE (.))
                0x0000000000800020                PROVIDE (__flash_exceptions_start, LOADADDR (.exceptions))

.text           0x0000000000800244     0x7bec
                [!provide]                        PROVIDE (stext, ABSOLUTE (.))
 *(.interp)
 *(.hash)
 *(.dynsym)
 *(.dynstr)
 *(.gnu.version)
 *(.gnu.version_d)
 *(.gnu.version_r)
 *(.rel.init)
 *(.rela.init)
 *(.rel.text .rel.text.* .rel.gnu.linkonce.t.*)
 *(.rela.text .rela.text.* .rela.gnu.linkonce.t.*)
 *(.rel.fini)
 *(.rela.fini)
 *(.rel.rodata .rel.rodata.* .rel.gnu.linkonce.r.*)
 *(.rela.rodata .rela.rodata.* .rela.gnu.linkonce.r.*)
 *(.rel.data .rel.data.* .rel.gnu.linkonce.d.*)
 *(.rela.data .rela.data.* .rela.gnu.linkonce.d.*)
 *(.rel.tdata .rel.tdata.* .rel.gnu.linkonce.td.*)
 *(.rela.tdata .rela.tdata.* .rela.gnu.linkonce.td.*)
 *(.rel.tbss .rel.tbss.* .rel.gnu.linkonce.tb.*)
 *(.rela.tbss .rela.tbss.* .rela.gnu.linkonce.tb.*)
 *(.rel.ctors)
 *(.rela.ctors)
 *(.rel.dtors)
 *(.rela.dtors)
 *(.rel.got)
 *(.rela.got)
 *(.rel.sdata .rel.sdata.* .rel.gnu.linkonce.s.*)
 *(.rela.sdata .rela.sdata.* .rela.gnu.linkonce.s.*)
 *(.rel.sbss .rel.sbss.* .rel.gnu.linkonce.sb.*)
 *(.rela.sbss .rela.sbss.* .rela.gnu.linkonce.sb.*)
 *(.rel.sdata2 .rel.sdata2.* .rel.gnu.linkonce.s2.*)
 *(.rela.sdata2 .rela.sdata2.* .rela.gnu.linkonce.s2.*)
 *(.rel.sbss2 .rel.sbss2.* .rel.gnu.linkonce.sb2.*)
 *(.rela.sbss2 .rela.sbss2.* .rela.gnu.linkonce.sb2.*)
 *(.rel.bss .rel.bss.* .rel.gnu.linkonce.b.*)
 *(.rela.bss .rela.bss.* .rela.gnu.linkonce.b.*)
 *(.rel.plt)
 *(.rela.plt)
 *(.rel.dyn)
 *(.init)
 *(.plt)
 *(.text .stub .text.* .gnu.linkonce.t.*)
 .text          0x0000000000800244       0x4c C:/Projects/University/303-Assignment/pacemaker_c_implementation_bsp//obj/HAL/src/crt0.o
                0x0000000000800244                _start
 .text          0x0000000000800290        0x0 obj/default/buttons_test.o
 .text          0x0000000000800290      0xb38 obj/default/main.o
                0x0000000000800290                buttons_interrupts_function
                0x0000000000800370                a_pace_led_timer_isr_function
                0x0000000000800398                v_pace_led_timer_isr_function
                0x00000000008003c0                a_sense_led_timer_isr_function
                0x00000000008003e8                v_sense_led_timer_isr_function
                0x0000000000800410                uart_read_isr_function
                0x00000000008004bc                a_events_timer_isr_function
                0x00000000008004fc                v_events_timer_isr_function
                0x000000000080053c                main
                0x0000000000800a64                send_atrial_event
                0x0000000000800ad8                send_ventricular_event
                0x0000000000800b4c                clear_heart_flags
                0x0000000000800b78                clear_pace_led_events
                0x0000000000800c7c                clear_sense_led_events
                0x0000000000800d80                C_Mode_Pacemaker
                0x0000000000800da8                SCCHARTS_Mode_Pacemaker
 .text          0x0000000000800dc8        0x0 obj/default/switches.o
 .text          0x0000000000800dc8        0x0 obj/default/uart_test.o
 .text          0x0000000000800dc8        0x0 c:/intelfpga_lite/18.1/nios2eds/bin/gnu/h-x86_64-mingw32/bin/../lib/gcc/nios2-elf/5.3.0/../../../../../H-x86_64-mingw32/nios2-elf/lib\libc.a(lib_a-puts.o)
 .text._puts_r  0x0000000000800dc8       0xc0 c:/intelfpga_lite/18.1/nios2eds/bin/gnu/h-x86_64-mingw32/bin/../lib/gcc/nios2-elf/5.3.0/../../../../../H-x86_64-mingw32/nios2-elf/lib\libc.a(lib_a-puts.o)
                0x0000000000800dc8                _puts_r
 .text.puts     0x0000000000800e88       0x14 c:/intelfpga_lite/18.1/nios2eds/bin/gnu/h-x86_64-mingw32/bin/../lib/gcc/nios2-elf/5.3.0/../../../../../H-x86_64-mingw32/nios2-elf/lib\libc.a(lib_a-puts.o)
                0x0000000000800e88                puts
 .text          0x0000000000800e9c        0x0 c:/intelfpga_lite/18.1/nios2eds/bin/gnu/h-x86_64-mingw32/bin/../lib/gcc/nios2-elf/5.3.0/../../../../../H-x86_64-mingw32/nios2-elf/lib\libc.a(lib_a-strlen.o)
 .text.strlen   0x0000000000800e9c       0x98 c:/intelfpga_lite/18.1/nios2eds/bin/gnu/h-x86_64-mingw32/bin/../lib/gcc/nios2-elf/5.3.0/../../../../../H-x86_64-mingw32/nios2-elf/lib\libc.a(lib_a-strlen.o)
                0x0000000000800e9c                strlen
 .text          0x0000000000800f34        0x0 c:/intelfpga_lite/18.1/nios2eds/bin/gnu/h-x86_64-mingw32/bin/../lib/gcc/nios2-elf/5.3.0/../../../../../H-x86_64-mingw32/nios2-elf/lib\libc.a(lib_a-findfp.o)
 .text.__fp_unlock
                0x0000000000800f34        0x8 c:/intelfpga_lite/18.1/nios2eds/bin/gnu/h-x86_64-mingw32/bin/../lib/gcc/nios2-elf/5.3.0/../../../../../H-x86_64-mingw32/nios2-elf/lib\libc.a(lib_a-findfp.o)
 .text._cleanup_r
                0x0000000000800f3c        0xc c:/intelfpga_lite/18.1/nios2eds/bin/gnu/h-x86_64-mingw32/bin/../lib/gcc/nios2-elf/5.3.0/../../../../../H-x86_64-mingw32/nios2-elf/lib\libc.a(lib_a-findfp.o)
                0x0000000000800f3c                _cleanup_r
 .text.__sinit.part.1
                0x0000000000800f48      0x19c c:/intelfpga_lite/18.1/nios2eds/bin/gnu/h-x86_64-mingw32/bin/../lib/gcc/nios2-elf/5.3.0/../../../../../H-x86_64-mingw32/nios2-elf/lib\libc.a(lib_a-findfp.o)
 .text.__fp_lock
                0x00000000008010e4        0x8 c:/intelfpga_lite/18.1/nios2eds/bin/gnu/h-x86_64-mingw32/bin/../lib/gcc/nios2-elf/5.3.0/../../../../../H-x86_64-mingw32/nios2-elf/lib\libc.a(lib_a-findfp.o)
 .text.__sfmoreglue
                0x00000000008010ec       0x68 c:/intelfpga_lite/18.1/nios2eds/bin/gnu/h-x86_64-mingw32/bin/../lib/gcc/nios2-elf/5.3.0/../../../../../H-x86_64-mingw32/nios2-elf/lib\libc.a(lib_a-findfp.o)
                0x00000000008010ec                __sfmoreglue
 .text.__sfp    0x0000000000801154      0x118 c:/intelfpga_lite/18.1/nios2eds/bin/gnu/h-x86_64-mingw32/bin/../lib/gcc/nios2-elf/5.3.0/../../../../../H-x86_64-mingw32/nios2-elf/lib\libc.a(lib_a-findfp.o)
                0x0000000000801154                __sfp
 .text._cleanup
                0x000000000080126c       0x18 c:/intelfpga_lite/18.1/nios2eds/bin/gnu/h-x86_64-mingw32/bin/../lib/gcc/nios2-elf/5.3.0/../../../../../H-x86_64-mingw32/nios2-elf/lib\libc.a(lib_a-findfp.o)
                0x000000000080126c                _cleanup
 .text.__sinit  0x0000000000801284       0x10 c:/intelfpga_lite/18.1/nios2eds/bin/gnu/h-x86_64-mingw32/bin/../lib/gcc/nios2-elf/5.3.0/../../../../../H-x86_64-mingw32/nios2-elf/lib\libc.a(lib_a-findfp.o)
                0x0000000000801284                __sinit
 .text.__sfp_lock_acquire
                0x0000000000801294        0x4 c:/intelfpga_lite/18.1/nios2eds/bin/gnu/h-x86_64-mingw32/bin/../lib/gcc/nios2-elf/5.3.0/../../../../../H-x86_64-mingw32/nios2-elf/lib\libc.a(lib_a-findfp.o)
                0x0000000000801294                __sfp_lock_acquire
 .text.__sfp_lock_release
                0x0000000000801298        0x4 c:/intelfpga_lite/18.1/nios2eds/bin/gnu/h-x86_64-mingw32/bin/../lib/gcc/nios2-elf/5.3.0/../../../../../H-x86_64-mingw32/nios2-elf/lib\libc.a(lib_a-findfp.o)
                0x0000000000801298                __sfp_lock_release
 .text.__sinit_lock_acquire
                0x000000000080129c        0x4 c:/intelfpga_lite/18.1/nios2eds/bin/gnu/h-x86_64-mingw32/bin/../lib/gcc/nios2-elf/5.3.0/../../../../../H-x86_64-mingw32/nios2-elf/lib\libc.a(lib_a-findfp.o)
                0x000000000080129c                __sinit_lock_acquire
 .text.__sinit_lock_release
                0x00000000008012a0        0x4 c:/intelfpga_lite/18.1/nios2eds/bin/gnu/h-x86_64-mingw32/bin/../lib/gcc/nios2-elf/5.3.0/../../../../../H-x86_64-mingw32/nios2-elf/lib\libc.a(lib_a-findfp.o)
                0x00000000008012a0                __sinit_lock_release
 .text.__fp_lock_all
                0x00000000008012a4       0x18 c:/intelfpga_lite/18.1/nios2eds/bin/gnu/h-x86_64-mingw32/bin/../lib/gcc/nios2-elf/5.3.0/../../../../../H-x86_64-mingw32/nios2-elf/lib\libc.a(lib_a-findfp.o)
                0x00000000008012a4                __fp_lock_all
 .text.__fp_unlock_all
                0x00000000008012bc       0x18 c:/intelfpga_lite/18.1/nios2eds/bin/gnu/h-x86_64-mingw32/bin/../lib/gcc/nios2-elf/5.3.0/../../../../../H-x86_64-mingw32/nios2-elf/lib\libc.a(lib_a-findfp.o)
                0x00000000008012bc                __fp_unlock_all
 .text          0x00000000008012d4        0x0 c:/intelfpga_lite/18.1/nios2eds/bin/gnu/h-x86_64-mingw32/bin/../lib/gcc/nios2-elf/5.3.0/../../../../../H-x86_64-mingw32/nios2-elf/lib\libc.a(lib_a-fvwrite.o)
 .text.__sfvwrite_r
                0x00000000008012d4      0x4bc c:/intelfpga_lite/18.1/nios2eds/bin/gnu/h-x86_64-mingw32/bin/../lib/gcc/nios2-elf/5.3.0/../../../../../H-x86_64-mingw32/nios2-elf/lib\libc.a(lib_a-fvwrite.o)
                0x00000000008012d4                __sfvwrite_r
 .text          0x0000000000801790        0x0 c:/intelfpga_lite/18.1/nios2eds/bin/gnu/h-x86_64-mingw32/bin/../lib/gcc/nios2-elf/5.3.0/../../../../../H-x86_64-mingw32/nios2-elf/lib\libc.a(lib_a-fwalk.o)
 .text._fwalk   0x0000000000801790       0xc4 c:/intelfpga_lite/18.1/nios2eds/bin/gnu/h-x86_64-mingw32/bin/../lib/gcc/nios2-elf/5.3.0/../../../../../H-x86_64-mingw32/nios2-elf/lib\libc.a(lib_a-fwalk.o)
                0x0000000000801790                _fwalk
 .text._fwalk_reent
                0x0000000000801854       0xc4 c:/intelfpga_lite/18.1/nios2eds/bin/gnu/h-x86_64-mingw32/bin/../lib/gcc/nios2-elf/5.3.0/../../../../../H-x86_64-mingw32/nios2-elf/lib\libc.a(lib_a-fwalk.o)
                0x0000000000801854                _fwalk_reent
 .text          0x0000000000801918        0x0 c:/intelfpga_lite/18.1/nios2eds/bin/gnu/h-x86_64-mingw32/bin/../lib/gcc/nios2-elf/5.3.0/../../../../../H-x86_64-mingw32/nios2-elf/lib\libc.a(lib_a-impure.o)
 .text          0x0000000000801918        0x0 c:/intelfpga_lite/18.1/nios2eds/bin/gnu/h-x86_64-mingw32/bin/../lib/gcc/nios2-elf/5.3.0/../../../../../H-x86_64-mingw32/nios2-elf/lib\libc.a(lib_a-mallocr.o)
 .text._malloc_r
                0x0000000000801918      0x80c c:/intelfpga_lite/18.1/nios2eds/bin/gnu/h-x86_64-mingw32/bin/../lib/gcc/nios2-elf/5.3.0/../../../../../H-x86_64-mingw32/nios2-elf/lib\libc.a(lib_a-mallocr.o)
                0x0000000000801918                _malloc_r
 .text          0x0000000000802124        0x0 c:/intelfpga_lite/18.1/nios2eds/bin/gnu/h-x86_64-mingw32/bin/../lib/gcc/nios2-elf/5.3.0/../../../../../H-x86_64-mingw32/nios2-elf/lib\libc.a(lib_a-memchr.o)
 .text.memchr   0x0000000000802124       0xe4 c:/intelfpga_lite/18.1/nios2eds/bin/gnu/h-x86_64-mingw32/bin/../lib/gcc/nios2-elf/5.3.0/../../../../../H-x86_64-mingw32/nios2-elf/lib\libc.a(lib_a-memchr.o)
                0x0000000000802124                memchr
 .text          0x0000000000802208        0x0 c:/intelfpga_lite/18.1/nios2eds/bin/gnu/h-x86_64-mingw32/bin/../lib/gcc/nios2-elf/5.3.0/../../../../../H-x86_64-mingw32/nios2-elf/lib\libc.a(lib_a-memcpy.o)
 .text.memcpy   0x0000000000802208      0x148 c:/intelfpga_lite/18.1/nios2eds/bin/gnu/h-x86_64-mingw32/bin/../lib/gcc/nios2-elf/5.3.0/../../../../../H-x86_64-mingw32/nios2-elf/lib\libc.a(lib_a-memcpy.o)
                0x0000000000802208                memcpy
 .text          0x0000000000802350        0x0 c:/intelfpga_lite/18.1/nios2eds/bin/gnu/h-x86_64-mingw32/bin/../lib/gcc/nios2-elf/5.3.0/../../../../../H-x86_64-mingw32/nios2-elf/lib\libc.a(lib_a-memmove.o)
 .text.memmove  0x0000000000802350      0x15c c:/intelfpga_lite/18.1/nios2eds/bin/gnu/h-x86_64-mingw32/bin/../lib/gcc/nios2-elf/5.3.0/../../../../../H-x86_64-mingw32/nios2-elf/lib\libc.a(lib_a-memmove.o)
                0x0000000000802350                memmove
 .text          0x00000000008024ac        0x0 c:/intelfpga_lite/18.1/nios2eds/bin/gnu/h-x86_64-mingw32/bin/../lib/gcc/nios2-elf/5.3.0/../../../../../H-x86_64-mingw32/nios2-elf/lib\libc.a(lib_a-memset.o)
 .text.memset   0x00000000008024ac      0x128 c:/intelfpga_lite/18.1/nios2eds/bin/gnu/h-x86_64-mingw32/bin/../lib/gcc/nios2-elf/5.3.0/../../../../../H-x86_64-mingw32/nios2-elf/lib\libc.a(lib_a-memset.o)
                0x00000000008024ac                memset
 .text          0x00000000008025d4        0x0 c:/intelfpga_lite/18.1/nios2eds/bin/gnu/h-x86_64-mingw32/bin/../lib/gcc/nios2-elf/5.3.0/../../../../../H-x86_64-mingw32/nios2-elf/lib\libc.a(lib_a-reallocr.o)
 .text._realloc_r
                0x00000000008025d4      0x564 c:/intelfpga_lite/18.1/nios2eds/bin/gnu/h-x86_64-mingw32/bin/../lib/gcc/nios2-elf/5.3.0/../../../../../H-x86_64-mingw32/nios2-elf/lib\libc.a(lib_a-reallocr.o)
                0x00000000008025d4                _realloc_r
 .text          0x0000000000802b38        0x0 c:/intelfpga_lite/18.1/nios2eds/bin/gnu/h-x86_64-mingw32/bin/../lib/gcc/nios2-elf/5.3.0/../../../../../H-x86_64-mingw32/nios2-elf/lib\libc.a(lib_a-sbrkr.o)
 .text._sbrk_r  0x0000000000802b38       0x54 c:/intelfpga_lite/18.1/nios2eds/bin/gnu/h-x86_64-mingw32/bin/../lib/gcc/nios2-elf/5.3.0/../../../../../H-x86_64-mingw32/nios2-elf/lib\libc.a(lib_a-sbrkr.o)
                0x0000000000802b38                _sbrk_r
 .text          0x0000000000802b8c        0x0 c:/intelfpga_lite/18.1/nios2eds/bin/gnu/h-x86_64-mingw32/bin/../lib/gcc/nios2-elf/5.3.0/../../../../../H-x86_64-mingw32/nios2-elf/lib\libc.a(lib_a-stdio.o)
 .text.__sread  0x0000000000802b8c       0x54 c:/intelfpga_lite/18.1/nios2eds/bin/gnu/h-x86_64-mingw32/bin/../lib/gcc/nios2-elf/5.3.0/../../../../../H-x86_64-mingw32/nios2-elf/lib\libc.a(lib_a-stdio.o)
                0x0000000000802b8c                __sread
 .text.__seofread
                0x0000000000802be0        0x8 c:/intelfpga_lite/18.1/nios2eds/bin/gnu/h-x86_64-mingw32/bin/../lib/gcc/nios2-elf/5.3.0/../../../../../H-x86_64-mingw32/nios2-elf/lib\libc.a(lib_a-stdio.o)
                0x0000000000802be0                __seofread
 .text.__swrite
                0x0000000000802be8       0x7c c:/intelfpga_lite/18.1/nios2eds/bin/gnu/h-x86_64-mingw32/bin/../lib/gcc/nios2-elf/5.3.0/../../../../../H-x86_64-mingw32/nios2-elf/lib\libc.a(lib_a-stdio.o)
                0x0000000000802be8                __swrite
 .text.__sseek  0x0000000000802c64       0x5c c:/intelfpga_lite/18.1/nios2eds/bin/gnu/h-x86_64-mingw32/bin/../lib/gcc/nios2-elf/5.3.0/../../../../../H-x86_64-mingw32/nios2-elf/lib\libc.a(lib_a-stdio.o)
                0x0000000000802c64                __sseek
 .text.__sclose
                0x0000000000802cc0        0x8 c:/intelfpga_lite/18.1/nios2eds/bin/gnu/h-x86_64-mingw32/bin/../lib/gcc/nios2-elf/5.3.0/../../../../../H-x86_64-mingw32/nios2-elf/lib\libc.a(lib_a-stdio.o)
                0x0000000000802cc0                __sclose
 .text          0x0000000000802cc8        0x0 c:/intelfpga_lite/18.1/nios2eds/bin/gnu/h-x86_64-mingw32/bin/../lib/gcc/nios2-elf/5.3.0/../../../../../H-x86_64-mingw32/nios2-elf/lib\libc.a(lib_a-writer.o)
 .text._write_r
                0x0000000000802cc8       0x60 c:/intelfpga_lite/18.1/nios2eds/bin/gnu/h-x86_64-mingw32/bin/../lib/gcc/nios2-elf/5.3.0/../../../../../H-x86_64-mingw32/nios2-elf/lib\libc.a(lib_a-writer.o)
                0x0000000000802cc8                _write_r
 .text          0x0000000000802d28        0x0 c:/intelfpga_lite/18.1/nios2eds/bin/gnu/h-x86_64-mingw32/bin/../lib/gcc/nios2-elf/5.3.0/../../../../../H-x86_64-mingw32/nios2-elf/lib\libc.a(lib_a-wsetup.o)
 .text.__swsetup_r
                0x0000000000802d28      0x154 c:/intelfpga_lite/18.1/nios2eds/bin/gnu/h-x86_64-mingw32/bin/../lib/gcc/nios2-elf/5.3.0/../../../../../H-x86_64-mingw32/nios2-elf/lib\libc.a(lib_a-wsetup.o)
                0x0000000000802d28                __swsetup_r
 .text          0x0000000000802e7c        0x0 c:/intelfpga_lite/18.1/nios2eds/bin/gnu/h-x86_64-mingw32/bin/../lib/gcc/nios2-elf/5.3.0/../../../../../H-x86_64-mingw32/nios2-elf/lib\libc.a(closer.o)
 .text._close_r
                0x0000000000802e7c       0x54 c:/intelfpga_lite/18.1/nios2eds/bin/gnu/h-x86_64-mingw32/bin/../lib/gcc/nios2-elf/5.3.0/../../../../../H-x86_64-mingw32/nios2-elf/lib\libc.a(closer.o)
                0x0000000000802e7c                _close_r
 .text          0x0000000000802ed0        0x0 c:/intelfpga_lite/18.1/nios2eds/bin/gnu/h-x86_64-mingw32/bin/../lib/gcc/nios2-elf/5.3.0/../../../../../H-x86_64-mingw32/nios2-elf/lib\libc.a(lib_a-fclose.o)
 .text._fclose_r
                0x0000000000802ed0       0xf0 c:/intelfpga_lite/18.1/nios2eds/bin/gnu/h-x86_64-mingw32/bin/../lib/gcc/nios2-elf/5.3.0/../../../../../H-x86_64-mingw32/nios2-elf/lib\libc.a(lib_a-fclose.o)
                0x0000000000802ed0                _fclose_r
 .text.fclose   0x0000000000802fc0       0x14 c:/intelfpga_lite/18.1/nios2eds/bin/gnu/h-x86_64-mingw32/bin/../lib/gcc/nios2-elf/5.3.0/../../../../../H-x86_64-mingw32/nios2-elf/lib\libc.a(lib_a-fclose.o)
                0x0000000000802fc0                fclose
 .text          0x0000000000802fd4        0x0 c:/intelfpga_lite/18.1/nios2eds/bin/gnu/h-x86_64-mingw32/bin/../lib/gcc/nios2-elf/5.3.0/../../../../../H-x86_64-mingw32/nios2-elf/lib\libc.a(lib_a-fflush.o)
 .text.__sflush_r
                0x0000000000802fd4      0x21c c:/intelfpga_lite/18.1/nios2eds/bin/gnu/h-x86_64-mingw32/bin/../lib/gcc/nios2-elf/5.3.0/../../../../../H-x86_64-mingw32/nios2-elf/lib\libc.a(lib_a-fflush.o)
                0x0000000000802fd4                __sflush_r
 .text._fflush_r
                0x00000000008031f0       0x5c c:/intelfpga_lite/18.1/nios2eds/bin/gnu/h-x86_64-mingw32/bin/../lib/gcc/nios2-elf/5.3.0/../../../../../H-x86_64-mingw32/nios2-elf/lib\libc.a(lib_a-fflush.o)
                0x00000000008031f0                _fflush_r
 .text.fflush   0x000000000080324c       0x30 c:/intelfpga_lite/18.1/nios2eds/bin/gnu/h-x86_64-mingw32/bin/../lib/gcc/nios2-elf/5.3.0/../../../../../H-x86_64-mingw32/nios2-elf/lib\libc.a(lib_a-fflush.o)
                0x000000000080324c                fflush
 .text          0x000000000080327c        0x0 c:/intelfpga_lite/18.1/nios2eds/bin/gnu/h-x86_64-mingw32/bin/../lib/gcc/nios2-elf/5.3.0/../../../../../H-x86_64-mingw32/nios2-elf/lib\libc.a(lib_a-freer.o)
 .text._malloc_trim_r
                0x000000000080327c      0x124 c:/intelfpga_lite/18.1/nios2eds/bin/gnu/h-x86_64-mingw32/bin/../lib/gcc/nios2-elf/5.3.0/../../../../../H-x86_64-mingw32/nios2-elf/lib\libc.a(lib_a-freer.o)
                0x000000000080327c                _malloc_trim_r
 .text._free_r  0x00000000008033a0      0x310 c:/intelfpga_lite/18.1/nios2eds/bin/gnu/h-x86_64-mingw32/bin/../lib/gcc/nios2-elf/5.3.0/../../../../../H-x86_64-mingw32/nios2-elf/lib\libc.a(lib_a-freer.o)
                0x00000000008033a0                _free_r
 .text          0x00000000008036b0        0x0 c:/intelfpga_lite/18.1/nios2eds/bin/gnu/h-x86_64-mingw32/bin/../lib/gcc/nios2-elf/5.3.0/../../../../../H-x86_64-mingw32/nios2-elf/lib\libc.a(lib_a-int_errno.o)
 .text          0x00000000008036b0        0x0 c:/intelfpga_lite/18.1/nios2eds/bin/gnu/h-x86_64-mingw32/bin/../lib/gcc/nios2-elf/5.3.0/../../../../../H-x86_64-mingw32/nios2-elf/lib\libc.a(lib_a-lseekr.o)
 .text._lseek_r
                0x00000000008036b0       0x60 c:/intelfpga_lite/18.1/nios2eds/bin/gnu/h-x86_64-mingw32/bin/../lib/gcc/nios2-elf/5.3.0/../../../../../H-x86_64-mingw32/nios2-elf/lib\libc.a(lib_a-lseekr.o)
                0x00000000008036b0                _lseek_r
 .text          0x0000000000803710        0x0 c:/intelfpga_lite/18.1/nios2eds/bin/gnu/h-x86_64-mingw32/bin/../lib/gcc/nios2-elf/5.3.0/../../../../../H-x86_64-mingw32/nios2-elf/lib\libc.a(lib_a-makebuf.o)
 .text.__smakebuf_r
                0x0000000000803710      0x1bc c:/intelfpga_lite/18.1/nios2eds/bin/gnu/h-x86_64-mingw32/bin/../lib/gcc/nios2-elf/5.3.0/../../../../../H-x86_64-mingw32/nios2-elf/lib\libc.a(lib_a-makebuf.o)
                0x0000000000803710                __smakebuf_r
 .text          0x00000000008038cc        0x0 c:/intelfpga_lite/18.1/nios2eds/bin/gnu/h-x86_64-mingw32/bin/../lib/gcc/nios2-elf/5.3.0/../../../../../H-x86_64-mingw32/nios2-elf/lib\libc.a(lib_a-readr.o)
 .text._read_r  0x00000000008038cc       0x60 c:/intelfpga_lite/18.1/nios2eds/bin/gnu/h-x86_64-mingw32/bin/../lib/gcc/nios2-elf/5.3.0/../../../../../H-x86_64-mingw32/nios2-elf/lib\libc.a(lib_a-readr.o)
                0x00000000008038cc                _read_r
 .text          0x000000000080392c        0x0 c:/intelfpga_lite/18.1/nios2eds/bin/gnu/h-x86_64-mingw32/bin/../lib/gcc/nios2-elf/5.3.0/../../../../../H-x86_64-mingw32/nios2-elf/lib\libc.a(lib_a-fstatr.o)
 .text._fstat_r
                0x000000000080392c       0x5c c:/intelfpga_lite/18.1/nios2eds/bin/gnu/h-x86_64-mingw32/bin/../lib/gcc/nios2-elf/5.3.0/../../../../../H-x86_64-mingw32/nios2-elf/lib\libc.a(lib_a-fstatr.o)
                0x000000000080392c                _fstat_r
 .text          0x0000000000803988        0x0 c:/intelfpga_lite/18.1/nios2eds/bin/gnu/h-x86_64-mingw32/bin/../lib/gcc/nios2-elf/5.3.0/../../../../../H-x86_64-mingw32/nios2-elf/lib\libc.a(lib_a-isattyr.o)
 .text._isatty_r
                0x0000000000803988       0x54 c:/intelfpga_lite/18.1/nios2eds/bin/gnu/h-x86_64-mingw32/bin/../lib/gcc/nios2-elf/5.3.0/../../../../../H-x86_64-mingw32/nios2-elf/lib\libc.a(lib_a-isattyr.o)
                0x0000000000803988                _isatty_r
 .text          0x00000000008039dc      0x1b4 c:/intelfpga_lite/18.1/nios2eds/bin/gnu/h-x86_64-mingw32/bin/../lib/gcc/nios2-elf/5.3.0\libgcc.a(lib2-divmod.o)
                0x00000000008039dc                __divsi3
                0x0000000000803a60                __modsi3
                0x0000000000803ad4                __udivsi3
                0x0000000000803b38                __umodsi3
 .text          0x0000000000803b90      0x12c C:/Projects/University/303-Assignment/pacemaker_c_implementation_bsp/\libhal_bsp.a(alt_alarm_start.o)
                0x0000000000803b90                alt_alarm_start
 .text          0x0000000000803cbc      0x10c C:/Projects/University/303-Assignment/pacemaker_c_implementation_bsp/\libhal_bsp.a(alt_close.o)
                0x0000000000803cf8                close
 .text          0x0000000000803dc8       0x2c C:/Projects/University/303-Assignment/pacemaker_c_implementation_bsp/\libhal_bsp.a(alt_dev.o)
 .text          0x0000000000803df4        0x0 C:/Projects/University/303-Assignment/pacemaker_c_implementation_bsp/\libhal_bsp.a(alt_errno.o)
 .text          0x0000000000803df4       0xec C:/Projects/University/303-Assignment/pacemaker_c_implementation_bsp/\libhal_bsp.a(alt_fstat.o)
                0x0000000000803e30                fstat
 .text          0x0000000000803ee0      0x180 C:/Projects/University/303-Assignment/pacemaker_c_implementation_bsp/\libhal_bsp.a(alt_irq_register.o)
                0x0000000000803ee0                alt_irq_register
 .text          0x0000000000804060        0x0 C:/Projects/University/303-Assignment/pacemaker_c_implementation_bsp/\libhal_bsp.a(alt_irq_vars.o)
 .text          0x0000000000804060       0xe0 C:/Projects/University/303-Assignment/pacemaker_c_implementation_bsp/\libhal_bsp.a(alt_isatty.o)
                0x000000000080409c                isatty
 .text          0x0000000000804140       0xec C:/Projects/University/303-Assignment/pacemaker_c_implementation_bsp/\libhal_bsp.a(alt_load.o)
                0x00000000008041a8                alt_load
 .text          0x000000000080422c      0x110 C:/Projects/University/303-Assignment/pacemaker_c_implementation_bsp/\libhal_bsp.a(alt_lseek.o)
                0x0000000000804268                lseek
 .text          0x000000000080433c       0x7c C:/Projects/University/303-Assignment/pacemaker_c_implementation_bsp/\libhal_bsp.a(alt_main.o)
                0x000000000080433c                alt_main
 .text          0x00000000008043b8       0x48 C:/Projects/University/303-Assignment/pacemaker_c_implementation_bsp/\libhal_bsp.a(alt_malloc_lock.o)
                0x00000000008043b8                __malloc_lock
                0x00000000008043dc                __malloc_unlock
 .text          0x0000000000804400      0x138 C:/Projects/University/303-Assignment/pacemaker_c_implementation_bsp/\libhal_bsp.a(alt_read.o)
                0x000000000080443c                read
 .text          0x0000000000804538       0x64 C:/Projects/University/303-Assignment/pacemaker_c_implementation_bsp/\libhal_bsp.a(alt_release_fd.o)
                0x0000000000804538                alt_release_fd
 .text          0x000000000080459c       0xb0 C:/Projects/University/303-Assignment/pacemaker_c_implementation_bsp/\libhal_bsp.a(alt_sbrk.o)
                0x000000000080459c                sbrk
 .text          0x000000000080464c      0x1a4 C:/Projects/University/303-Assignment/pacemaker_c_implementation_bsp/\libhal_bsp.a(alt_tick.o)
                0x000000000080464c                alt_alarm_stop
                0x00000000008046e8                alt_tick
 .text          0x00000000008047f0      0x134 C:/Projects/University/303-Assignment/pacemaker_c_implementation_bsp/\libhal_bsp.a(alt_write.o)
                0x000000000080482c                write
 .text          0x0000000000804924      0x104 C:/Projects/University/303-Assignment/pacemaker_c_implementation_bsp/\libhal_bsp.a(alt_sys_init.o)
                0x0000000000804958                alt_irq_init
                0x0000000000804990                alt_sys_init
 .text          0x0000000000804a28      0x164 C:/Projects/University/303-Assignment/pacemaker_c_implementation_bsp/\libhal_bsp.a(altera_avalon_jtag_uart_fd.o)
                0x0000000000804a28                altera_avalon_jtag_uart_read_fd
                0x0000000000804a88                altera_avalon_jtag_uart_write_fd
                0x0000000000804ae8                altera_avalon_jtag_uart_close_fd
                0x0000000000804b38                altera_avalon_jtag_uart_ioctl_fd
 .text          0x0000000000804b8c      0x3d4 C:/Projects/University/303-Assignment/pacemaker_c_implementation_bsp/\libhal_bsp.a(altera_avalon_jtag_uart_init.o)
                0x0000000000804b8c                altera_avalon_jtag_uart_init
                0x0000000000804ef8                altera_avalon_jtag_uart_close
 .text          0x0000000000804f60       0xf0 C:/Projects/University/303-Assignment/pacemaker_c_implementation_bsp/\libhal_bsp.a(altera_avalon_jtag_uart_ioctl.o)
                0x0000000000804f60                altera_avalon_jtag_uart_ioctl
 .text          0x0000000000805050      0x21c C:/Projects/University/303-Assignment/pacemaker_c_implementation_bsp/\libhal_bsp.a(altera_avalon_jtag_uart_read.o)
                0x0000000000805050                altera_avalon_jtag_uart_read
 .text          0x000000000080526c      0x224 C:/Projects/University/303-Assignment/pacemaker_c_implementation_bsp/\libhal_bsp.a(altera_avalon_jtag_uart_write.o)
                0x000000000080526c                altera_avalon_jtag_uart_write
 .text          0x0000000000805490      0xe7c C:/Projects/University/303-Assignment/pacemaker_c_implementation_bsp/\libhal_bsp.a(altera_avalon_lcd_16207.o)
                0x0000000000805c54                altera_avalon_lcd_16207_write
                0x00000000008061d8                altera_avalon_lcd_16207_init
 .text          0x000000000080630c       0x60 C:/Projects/University/303-Assignment/pacemaker_c_implementation_bsp/\libhal_bsp.a(altera_avalon_lcd_16207_fd.o)
                0x000000000080630c                altera_avalon_lcd_16207_write_fd
 .text          0x000000000080636c       0xf4 C:/Projects/University/303-Assignment/pacemaker_c_implementation_bsp/\libhal_bsp.a(altera_avalon_timer_sc.o)
                0x00000000008063e4                alt_avalon_timer_sc_init
 .text          0x0000000000806460      0x110 C:/Projects/University/303-Assignment/pacemaker_c_implementation_bsp/\libhal_bsp.a(altera_avalon_uart_fd.o)
                0x0000000000806460                altera_avalon_uart_read_fd
                0x00000000008064c0                altera_avalon_uart_write_fd
                0x0000000000806520                altera_avalon_uart_close_fd
 .text          0x0000000000806570      0x3c8 C:/Projects/University/303-Assignment/pacemaker_c_implementation_bsp/\libhal_bsp.a(altera_avalon_uart_init.o)
                0x0000000000806570                altera_avalon_uart_init
                0x00000000008068e4                altera_avalon_uart_close
 .text          0x0000000000806938      0x218 C:/Projects/University/303-Assignment/pacemaker_c_implementation_bsp/\libhal_bsp.a(altera_avalon_uart_read.o)
                0x0000000000806974                altera_avalon_uart_read
 .text          0x0000000000806b50      0x1e8 C:/Projects/University/303-Assignment/pacemaker_c_implementation_bsp/\libhal_bsp.a(altera_avalon_uart_write.o)
                0x0000000000806b8c                altera_avalon_uart_write
 .text          0x0000000000806d38       0x48 C:/Projects/University/303-Assignment/pacemaker_c_implementation_bsp/\libhal_bsp.a(alt_dcache_flush_all.o)
                0x0000000000806d38                alt_dcache_flush_all
 .text          0x0000000000806d80       0xe0 C:/Projects/University/303-Assignment/pacemaker_c_implementation_bsp/\libhal_bsp.a(alt_dev_llist_insert.o)
                0x0000000000806dbc                alt_dev_llist_insert
 .text          0x0000000000806e60       0x60 C:/Projects/University/303-Assignment/pacemaker_c_implementation_bsp/\libhal_bsp.a(alt_do_ctors.o)
                0x0000000000806e60                _do_ctors
 .text          0x0000000000806ec0       0x60 C:/Projects/University/303-Assignment/pacemaker_c_implementation_bsp/\libhal_bsp.a(alt_do_dtors.o)
                0x0000000000806ec0                _do_dtors
 .text          0x0000000000806f20       0x34 C:/Projects/University/303-Assignment/pacemaker_c_implementation_bsp/\libhal_bsp.a(alt_icache_flush_all.o)
                0x0000000000806f20                alt_icache_flush_all
 .text          0x0000000000806f54      0x1b0 C:/Projects/University/303-Assignment/pacemaker_c_implementation_bsp/\libhal_bsp.a(alt_iic.o)
                0x0000000000806f54                alt_ic_isr_register
                0x0000000000806fa4                alt_ic_irq_enable
                0x000000000080702c                alt_ic_irq_disable
                0x00000000008070b8                alt_ic_irq_enabled
 .text          0x0000000000807104       0xf0 C:/Projects/University/303-Assignment/pacemaker_c_implementation_bsp/\libhal_bsp.a(alt_iic_isr_register.o)
                0x0000000000807104                alt_iic_isr_register
 .text          0x00000000008071f4      0x140 C:/Projects/University/303-Assignment/pacemaker_c_implementation_bsp/\libhal_bsp.a(alt_io_redirect.o)
                0x00000000008072b8                alt_io_redirect
 .text          0x0000000000807334        0x0 C:/Projects/University/303-Assignment/pacemaker_c_implementation_bsp/\libhal_bsp.a(alt_irq_entry.o)
 .text          0x0000000000807334        0x0 C:/Projects/University/303-Assignment/pacemaker_c_implementation_bsp/\libhal_bsp.a(alt_irq_handler.o)
 .text          0x0000000000807334      0x254 C:/Projects/University/303-Assignment/pacemaker_c_implementation_bsp/\libhal_bsp.a(alt_open.o)
                0x0000000000807434                open
 .text          0x0000000000807588       0x30 C:/Projects/University/303-Assignment/pacemaker_c_implementation_bsp/\libhal_bsp.a(alt_usleep.o)
                0x0000000000807588                usleep
 .text          0x00000000008075b8       0x24 C:/Projects/University/303-Assignment/pacemaker_c_implementation_bsp/\libhal_bsp.a(altera_nios2_gen2_irq.o)
                0x00000000008075b8                altera_nios2_gen2_irq_init
 .text          0x00000000008075dc      0x158 C:/Projects/University/303-Assignment/pacemaker_c_implementation_bsp/\libhal_bsp.a(alt_busy_sleep.o)
                0x00000000008075dc                alt_busy_sleep
 .text          0x0000000000807734        0x0 C:/Projects/University/303-Assignment/pacemaker_c_implementation_bsp/\libhal_bsp.a(alt_exception_entry.o)
 .text          0x0000000000807734       0x90 C:/Projects/University/303-Assignment/pacemaker_c_implementation_bsp/\libhal_bsp.a(alt_find_dev.o)
                0x0000000000807734                alt_find_dev
 .text          0x00000000008077c4      0x108 C:/Projects/University/303-Assignment/pacemaker_c_implementation_bsp/\libhal_bsp.a(alt_find_file.o)
                0x00000000008077c4                alt_find_file
 .text          0x00000000008078cc       0xa4 C:/Projects/University/303-Assignment/pacemaker_c_implementation_bsp/\libhal_bsp.a(alt_get_fd.o)
                0x00000000008078cc                alt_get_fd
 .text          0x0000000000807970       0x90 C:/Projects/University/303-Assignment/pacemaker_c_implementation_bsp/\libhal_bsp.a(alt_icache_flush.o)
                0x0000000000807970                alt_icache_flush
 .text          0x0000000000807a00       0x9c C:/Projects/University/303-Assignment/pacemaker_c_implementation_bsp/\libhal_bsp.a(alt_instruction_exception_entry.o)
                0x0000000000807a00                alt_exception_cause_generated_bad_addr
 .text          0x0000000000807a9c        0x0 c:/intelfpga_lite/18.1/nios2eds/bin/gnu/h-x86_64-mingw32/bin/../lib/gcc/nios2-elf/5.3.0/../../../../../H-x86_64-mingw32/nios2-elf/lib\libc.a(lib_a-atexit.o)
 .text.atexit   0x0000000000807a9c       0x14 c:/intelfpga_lite/18.1/nios2eds/bin/gnu/h-x86_64-mingw32/bin/../lib/gcc/nios2-elf/5.3.0/../../../../../H-x86_64-mingw32/nios2-elf/lib\libc.a(lib_a-atexit.o)
                0x0000000000807a9c                atexit
 .text          0x0000000000807ab0        0x0 c:/intelfpga_lite/18.1/nios2eds/bin/gnu/h-x86_64-mingw32/bin/../lib/gcc/nios2-elf/5.3.0/../../../../../H-x86_64-mingw32/nios2-elf/lib\libc.a(lib_a-ctype_.o)
 .text          0x0000000000807ab0        0x0 c:/intelfpga_lite/18.1/nios2eds/bin/gnu/h-x86_64-mingw32/bin/../lib/gcc/nios2-elf/5.3.0/../../../../../H-x86_64-mingw32/nios2-elf/lib\libc.a(lib_a-exit.o)
 .text.exit     0x0000000000807ab0       0x38 c:/intelfpga_lite/18.1/nios2eds/bin/gnu/h-x86_64-mingw32/bin/../lib/gcc/nios2-elf/5.3.0/../../../../../H-x86_64-mingw32/nios2-elf/lib\libc.a(lib_a-exit.o)
                0x0000000000807ab0                exit
 .text          0x0000000000807ae8        0x0 c:/intelfpga_lite/18.1/nios2eds/bin/gnu/h-x86_64-mingw32/bin/../lib/gcc/nios2-elf/5.3.0/../../../../../H-x86_64-mingw32/nios2-elf/lib\libc.a(lib_a-memcmp.o)
 .text.memcmp   0x0000000000807ae8       0x7c c:/intelfpga_lite/18.1/nios2eds/bin/gnu/h-x86_64-mingw32/bin/../lib/gcc/nios2-elf/5.3.0/../../../../../H-x86_64-mingw32/nios2-elf/lib\libc.a(lib_a-memcmp.o)
                0x0000000000807ae8                memcmp
 .text          0x0000000000807b64        0x0 c:/intelfpga_lite/18.1/nios2eds/bin/gnu/h-x86_64-mingw32/bin/../lib/gcc/nios2-elf/5.3.0/../../../../../H-x86_64-mingw32/nios2-elf/lib\libc.a(lib_a-__atexit.o)
 .text.__register_exitproc
                0x0000000000807b64      0x118 c:/intelfpga_lite/18.1/nios2eds/bin/gnu/h-x86_64-mingw32/bin/../lib/gcc/nios2-elf/5.3.0/../../../../../H-x86_64-mingw32/nios2-elf/lib\libc.a(lib_a-__atexit.o)
                0x0000000000807b64                __register_exitproc
 .text          0x0000000000807c7c        0x0 c:/intelfpga_lite/18.1/nios2eds/bin/gnu/h-x86_64-mingw32/bin/../lib/gcc/nios2-elf/5.3.0/../../../../../H-x86_64-mingw32/nios2-elf/lib\libc.a(lib_a-__call_atexit.o)
 .text.__call_exitprocs
                0x0000000000807c7c      0x180 c:/intelfpga_lite/18.1/nios2eds/bin/gnu/h-x86_64-mingw32/bin/../lib/gcc/nios2-elf/5.3.0/../../../../../H-x86_64-mingw32/nios2-elf/lib\libc.a(lib_a-__call_atexit.o)
                0x0000000000807c7c                __call_exitprocs
 .text          0x0000000000807dfc       0x34 C:/Projects/University/303-Assignment/pacemaker_c_implementation_bsp/\libhal_bsp.a(alt_exit.o)
                0x0000000000807dfc                _exit
 *(.gnu.warning.*)
 *(.fini)
                [!provide]                        PROVIDE (__etext, ABSOLUTE (.))
                [!provide]                        PROVIDE (_etext, ABSOLUTE (.))
                [!provide]                        PROVIDE (etext, ABSOLUTE (.))
 *(.eh_frame_hdr)
                0x0000000000807e30                . = ALIGN (0x4)
                [!provide]                        PROVIDE (__preinit_array_start, ABSOLUTE (.))
 *(.preinit_array)
                [!provide]                        PROVIDE (__preinit_array_end, ABSOLUTE (.))
                [!provide]                        PROVIDE (__init_array_start, ABSOLUTE (.))
 *(.init_array)
                [!provide]                        PROVIDE (__init_array_end, ABSOLUTE (.))
                [!provide]                        PROVIDE (__fini_array_start, ABSOLUTE (.))
 *(.fini_array)
                [!provide]                        PROVIDE (__fini_array_end, ABSOLUTE (.))
 *(.eh_frame)
 *(.gcc_except_table .gcc_except_table.*)
 *(.dynamic)
                0x0000000000807e30                PROVIDE (__CTOR_LIST__, ABSOLUTE (.))
 *(.ctors)
 *(SORT(.ctors.*))
                0x0000000000807e30                PROVIDE (__CTOR_END__, ABSOLUTE (.))
                0x0000000000807e30                PROVIDE (__DTOR_LIST__, ABSOLUTE (.))
 *(.dtors)
 *(SORT(.dtors.*))
                0x0000000000807e30                PROVIDE (__DTOR_END__, ABSOLUTE (.))
 *(.jcr)
                0x0000000000807e30                . = ALIGN (0x4)

.rodata         0x0000000000807e30      0x390
                0x0000000000807e30                PROVIDE (__ram_rodata_start, ABSOLUTE (.))
                0x0000000000807e30                . = ALIGN (0x4)
 *(.rodata .rodata.* .gnu.linkonce.r.*)
 .rodata        0x0000000000807e30       0xc3 obj/default/main.o
 *fill*         0x0000000000807ef3        0x1 
 .rodata.str1.4
                0x0000000000807ef4        0x2 c:/intelfpga_lite/18.1/nios2eds/bin/gnu/h-x86_64-mingw32/bin/../lib/gcc/nios2-elf/5.3.0/../../../../../H-x86_64-mingw32/nios2-elf/lib\libc.a(lib_a-puts.o)
 *fill*         0x0000000000807ef6        0x2 
 .rodata.str1.4
                0x0000000000807ef8        0x4 c:/intelfpga_lite/18.1/nios2eds/bin/gnu/h-x86_64-mingw32/bin/../lib/gcc/nios2-elf/5.3.0/../../../../../H-x86_64-mingw32/nios2-elf/lib\libc.a(lib_a-impure.o)
                                          0x2 (size before relaxing)
 .rodata        0x0000000000807efc        0xa C:/Projects/University/303-Assignment/pacemaker_c_implementation_bsp/\libhal_bsp.a(alt_dev.o)
 *fill*         0x0000000000807f06        0x2 
 .rodata        0x0000000000807f08        0xf C:/Projects/University/303-Assignment/pacemaker_c_implementation_bsp/\libhal_bsp.a(alt_main.o)
 *fill*         0x0000000000807f17        0x1 
 .rodata        0x0000000000807f18       0x26 C:/Projects/University/303-Assignment/pacemaker_c_implementation_bsp/\libhal_bsp.a(alt_sys_init.o)
 .rodata._ctype_
                0x0000000000807f3e      0x101 c:/intelfpga_lite/18.1/nios2eds/bin/gnu/h-x86_64-mingw32/bin/../lib/gcc/nios2-elf/5.3.0/../../../../../H-x86_64-mingw32/nios2-elf/lib\libc.a(lib_a-ctype_.o)
                0x0000000000807f3e                _ctype_
 .rodata._ctype_b
                0x000000000080803f      0x180 c:/intelfpga_lite/18.1/nios2eds/bin/gnu/h-x86_64-mingw32/bin/../lib/gcc/nios2-elf/5.3.0/../../../../../H-x86_64-mingw32/nios2-elf/lib\libc.a(lib_a-ctype_.o)
 *(.rodata1)
                0x00000000008081c0                . = ALIGN (0x4)
 *fill*         0x00000000008081bf        0x1 
                0x00000000008081c0                PROVIDE (__ram_rodata_end, ABSOLUTE (.))
                0x0000000000807e30                PROVIDE (__flash_rodata_start, LOADADDR (.rodata))

.rwdata         0x00000000008081c0     0x1c58 load address 0x0000000000809e18
                0x00000000008081c0                PROVIDE (__ram_rwdata_start, ABSOLUTE (.))
                0x00000000008081c0                . = ALIGN (0x4)
 *(.got.plt)
 *(.got)
 *(.data1)
 *(.data .data.* .gnu.linkonce.d.*)
 .data          0x00000000008081c0        0x0 C:/Projects/University/303-Assignment/pacemaker_c_implementation_bsp//obj/HAL/src/crt0.o
 .data          0x00000000008081c0        0x0 obj/default/buttons_test.o
 .data          0x00000000008081c0        0x0 obj/default/main.o
 .data          0x00000000008081c0        0x0 obj/default/switches.o
 .data          0x00000000008081c0        0x0 obj/default/uart_test.o
 .data          0x00000000008081c0        0x0 c:/intelfpga_lite/18.1/nios2eds/bin/gnu/h-x86_64-mingw32/bin/../lib/gcc/nios2-elf/5.3.0/../../../../../H-x86_64-mingw32/nios2-elf/lib\libc.a(lib_a-puts.o)
 .data          0x00000000008081c0        0x0 c:/intelfpga_lite/18.1/nios2eds/bin/gnu/h-x86_64-mingw32/bin/../lib/gcc/nios2-elf/5.3.0/../../../../../H-x86_64-mingw32/nios2-elf/lib\libc.a(lib_a-strlen.o)
 .data          0x00000000008081c0        0x0 c:/intelfpga_lite/18.1/nios2eds/bin/gnu/h-x86_64-mingw32/bin/../lib/gcc/nios2-elf/5.3.0/../../../../../H-x86_64-mingw32/nios2-elf/lib\libc.a(lib_a-findfp.o)
 .data          0x00000000008081c0        0x0 c:/intelfpga_lite/18.1/nios2eds/bin/gnu/h-x86_64-mingw32/bin/../lib/gcc/nios2-elf/5.3.0/../../../../../H-x86_64-mingw32/nios2-elf/lib\libc.a(lib_a-fvwrite.o)
 .data          0x00000000008081c0        0x0 c:/intelfpga_lite/18.1/nios2eds/bin/gnu/h-x86_64-mingw32/bin/../lib/gcc/nios2-elf/5.3.0/../../../../../H-x86_64-mingw32/nios2-elf/lib\libc.a(lib_a-fwalk.o)
 .data          0x00000000008081c0        0x0 c:/intelfpga_lite/18.1/nios2eds/bin/gnu/h-x86_64-mingw32/bin/../lib/gcc/nios2-elf/5.3.0/../../../../../H-x86_64-mingw32/nios2-elf/lib\libc.a(lib_a-impure.o)
 .data.impure_data
                0x00000000008081c0      0x424 c:/intelfpga_lite/18.1/nios2eds/bin/gnu/h-x86_64-mingw32/bin/../lib/gcc/nios2-elf/5.3.0/../../../../../H-x86_64-mingw32/nios2-elf/lib\libc.a(lib_a-impure.o)
 .data          0x00000000008085e4        0x0 c:/intelfpga_lite/18.1/nios2eds/bin/gnu/h-x86_64-mingw32/bin/../lib/gcc/nios2-elf/5.3.0/../../../../../H-x86_64-mingw32/nios2-elf/lib\libc.a(lib_a-mallocr.o)
 .data.__malloc_av_
                0x00000000008085e4      0x408 c:/intelfpga_lite/18.1/nios2eds/bin/gnu/h-x86_64-mingw32/bin/../lib/gcc/nios2-elf/5.3.0/../../../../../H-x86_64-mingw32/nios2-elf/lib\libc.a(lib_a-mallocr.o)
                0x00000000008085e4                __malloc_av_
 .data          0x00000000008089ec        0x0 c:/intelfpga_lite/18.1/nios2eds/bin/gnu/h-x86_64-mingw32/bin/../lib/gcc/nios2-elf/5.3.0/../../../../../H-x86_64-mingw32/nios2-elf/lib\libc.a(lib_a-memchr.o)
 .data          0x00000000008089ec        0x0 c:/intelfpga_lite/18.1/nios2eds/bin/gnu/h-x86_64-mingw32/bin/../lib/gcc/nios2-elf/5.3.0/../../../../../H-x86_64-mingw32/nios2-elf/lib\libc.a(lib_a-memcpy.o)
 .data          0x00000000008089ec        0x0 c:/intelfpga_lite/18.1/nios2eds/bin/gnu/h-x86_64-mingw32/bin/../lib/gcc/nios2-elf/5.3.0/../../../../../H-x86_64-mingw32/nios2-elf/lib\libc.a(lib_a-memmove.o)
 .data          0x00000000008089ec        0x0 c:/intelfpga_lite/18.1/nios2eds/bin/gnu/h-x86_64-mingw32/bin/../lib/gcc/nios2-elf/5.3.0/../../../../../H-x86_64-mingw32/nios2-elf/lib\libc.a(lib_a-memset.o)
 .data          0x00000000008089ec        0x0 c:/intelfpga_lite/18.1/nios2eds/bin/gnu/h-x86_64-mingw32/bin/../lib/gcc/nios2-elf/5.3.0/../../../../../H-x86_64-mingw32/nios2-elf/lib\libc.a(lib_a-reallocr.o)
 .data          0x00000000008089ec        0x0 c:/intelfpga_lite/18.1/nios2eds/bin/gnu/h-x86_64-mingw32/bin/../lib/gcc/nios2-elf/5.3.0/../../../../../H-x86_64-mingw32/nios2-elf/lib\libc.a(lib_a-sbrkr.o)
 .data          0x00000000008089ec        0x0 c:/intelfpga_lite/18.1/nios2eds/bin/gnu/h-x86_64-mingw32/bin/../lib/gcc/nios2-elf/5.3.0/../../../../../H-x86_64-mingw32/nios2-elf/lib\libc.a(lib_a-stdio.o)
 .data          0x00000000008089ec        0x0 c:/intelfpga_lite/18.1/nios2eds/bin/gnu/h-x86_64-mingw32/bin/../lib/gcc/nios2-elf/5.3.0/../../../../../H-x86_64-mingw32/nios2-elf/lib\libc.a(lib_a-writer.o)
 .data          0x00000000008089ec        0x0 c:/intelfpga_lite/18.1/nios2eds/bin/gnu/h-x86_64-mingw32/bin/../lib/gcc/nios2-elf/5.3.0/../../../../../H-x86_64-mingw32/nios2-elf/lib\libc.a(lib_a-wsetup.o)
 .data          0x00000000008089ec        0x0 c:/intelfpga_lite/18.1/nios2eds/bin/gnu/h-x86_64-mingw32/bin/../lib/gcc/nios2-elf/5.3.0/../../../../../H-x86_64-mingw32/nios2-elf/lib\libc.a(closer.o)
 .data          0x00000000008089ec        0x0 c:/intelfpga_lite/18.1/nios2eds/bin/gnu/h-x86_64-mingw32/bin/../lib/gcc/nios2-elf/5.3.0/../../../../../H-x86_64-mingw32/nios2-elf/lib\libc.a(lib_a-fclose.o)
 .data          0x00000000008089ec        0x0 c:/intelfpga_lite/18.1/nios2eds/bin/gnu/h-x86_64-mingw32/bin/../lib/gcc/nios2-elf/5.3.0/../../../../../H-x86_64-mingw32/nios2-elf/lib\libc.a(lib_a-fflush.o)
 .data          0x00000000008089ec        0x0 c:/intelfpga_lite/18.1/nios2eds/bin/gnu/h-x86_64-mingw32/bin/../lib/gcc/nios2-elf/5.3.0/../../../../../H-x86_64-mingw32/nios2-elf/lib\libc.a(lib_a-freer.o)
 .data          0x00000000008089ec        0x0 c:/intelfpga_lite/18.1/nios2eds/bin/gnu/h-x86_64-mingw32/bin/../lib/gcc/nios2-elf/5.3.0/../../../../../H-x86_64-mingw32/nios2-elf/lib\libc.a(lib_a-int_errno.o)
 .data          0x00000000008089ec        0x0 c:/intelfpga_lite/18.1/nios2eds/bin/gnu/h-x86_64-mingw32/bin/../lib/gcc/nios2-elf/5.3.0/../../../../../H-x86_64-mingw32/nios2-elf/lib\libc.a(lib_a-lseekr.o)
 .data          0x00000000008089ec        0x0 c:/intelfpga_lite/18.1/nios2eds/bin/gnu/h-x86_64-mingw32/bin/../lib/gcc/nios2-elf/5.3.0/../../../../../H-x86_64-mingw32/nios2-elf/lib\libc.a(lib_a-makebuf.o)
 .data          0x00000000008089ec        0x0 c:/intelfpga_lite/18.1/nios2eds/bin/gnu/h-x86_64-mingw32/bin/../lib/gcc/nios2-elf/5.3.0/../../../../../H-x86_64-mingw32/nios2-elf/lib\libc.a(lib_a-readr.o)
 .data          0x00000000008089ec        0x0 c:/intelfpga_lite/18.1/nios2eds/bin/gnu/h-x86_64-mingw32/bin/../lib/gcc/nios2-elf/5.3.0/../../../../../H-x86_64-mingw32/nios2-elf/lib\libc.a(lib_a-fstatr.o)
 .data          0x00000000008089ec        0x0 c:/intelfpga_lite/18.1/nios2eds/bin/gnu/h-x86_64-mingw32/bin/../lib/gcc/nios2-elf/5.3.0/../../../../../H-x86_64-mingw32/nios2-elf/lib\libc.a(lib_a-isattyr.o)
 .data          0x00000000008089ec        0x0 c:/intelfpga_lite/18.1/nios2eds/bin/gnu/h-x86_64-mingw32/bin/../lib/gcc/nios2-elf/5.3.0\libgcc.a(lib2-divmod.o)
 .data          0x00000000008089ec        0x0 C:/Projects/University/303-Assignment/pacemaker_c_implementation_bsp/\libhal_bsp.a(alt_alarm_start.o)
 .data          0x00000000008089ec        0x0 C:/Projects/University/303-Assignment/pacemaker_c_implementation_bsp/\libhal_bsp.a(alt_close.o)
 .data          0x00000000008089ec      0x1a8 C:/Projects/University/303-Assignment/pacemaker_c_implementation_bsp/\libhal_bsp.a(alt_dev.o)
                0x00000000008089ec                alt_dev_null
                0x0000000000808a14                alt_fd_list
 .data          0x0000000000808b94        0x0 C:/Projects/University/303-Assignment/pacemaker_c_implementation_bsp/\libhal_bsp.a(alt_errno.o)
 .data          0x0000000000808b94        0x0 C:/Projects/University/303-Assignment/pacemaker_c_implementation_bsp/\libhal_bsp.a(alt_fstat.o)
 .data          0x0000000000808b94        0x0 C:/Projects/University/303-Assignment/pacemaker_c_implementation_bsp/\libhal_bsp.a(alt_irq_register.o)
 .data          0x0000000000808b94        0x0 C:/Projects/University/303-Assignment/pacemaker_c_implementation_bsp/\libhal_bsp.a(alt_irq_vars.o)
 .data          0x0000000000808b94        0x0 C:/Projects/University/303-Assignment/pacemaker_c_implementation_bsp/\libhal_bsp.a(alt_isatty.o)
 .data          0x0000000000808b94        0x0 C:/Projects/University/303-Assignment/pacemaker_c_implementation_bsp/\libhal_bsp.a(alt_load.o)
 .data          0x0000000000808b94        0x0 C:/Projects/University/303-Assignment/pacemaker_c_implementation_bsp/\libhal_bsp.a(alt_lseek.o)
 .data          0x0000000000808b94        0x0 C:/Projects/University/303-Assignment/pacemaker_c_implementation_bsp/\libhal_bsp.a(alt_main.o)
 .data          0x0000000000808b94        0x0 C:/Projects/University/303-Assignment/pacemaker_c_implementation_bsp/\libhal_bsp.a(alt_malloc_lock.o)
 .data          0x0000000000808b94        0x0 C:/Projects/University/303-Assignment/pacemaker_c_implementation_bsp/\libhal_bsp.a(alt_read.o)
 .data          0x0000000000808b94        0x0 C:/Projects/University/303-Assignment/pacemaker_c_implementation_bsp/\libhal_bsp.a(alt_release_fd.o)
 .data          0x0000000000808b94        0x0 C:/Projects/University/303-Assignment/pacemaker_c_implementation_bsp/\libhal_bsp.a(alt_sbrk.o)
 .data          0x0000000000808b94        0x0 C:/Projects/University/303-Assignment/pacemaker_c_implementation_bsp/\libhal_bsp.a(alt_tick.o)
 .data          0x0000000000808b94        0x0 C:/Projects/University/303-Assignment/pacemaker_c_implementation_bsp/\libhal_bsp.a(alt_write.o)
 .data          0x0000000000808b94     0x1244 C:/Projects/University/303-Assignment/pacemaker_c_implementation_bsp/\libhal_bsp.a(alt_sys_init.o)
 .data          0x0000000000809dd8        0x0 C:/Projects/University/303-Assignment/pacemaker_c_implementation_bsp/\libhal_bsp.a(altera_avalon_jtag_uart_fd.o)
 .data          0x0000000000809dd8        0x0 C:/Projects/University/303-Assignment/pacemaker_c_implementation_bsp/\libhal_bsp.a(altera_avalon_jtag_uart_init.o)
 .data          0x0000000000809dd8        0x0 C:/Projects/University/303-Assignment/pacemaker_c_implementation_bsp/\libhal_bsp.a(altera_avalon_jtag_uart_ioctl.o)
 .data          0x0000000000809dd8        0x0 C:/Projects/University/303-Assignment/pacemaker_c_implementation_bsp/\libhal_bsp.a(altera_avalon_jtag_uart_read.o)
 .data          0x0000000000809dd8        0x0 C:/Projects/University/303-Assignment/pacemaker_c_implementation_bsp/\libhal_bsp.a(altera_avalon_jtag_uart_write.o)
 .data          0x0000000000809dd8        0x0 C:/Projects/University/303-Assignment/pacemaker_c_implementation_bsp/\libhal_bsp.a(altera_avalon_lcd_16207.o)
 .data          0x0000000000809dd8        0x0 C:/Projects/University/303-Assignment/pacemaker_c_implementation_bsp/\libhal_bsp.a(altera_avalon_lcd_16207_fd.o)
 .data          0x0000000000809dd8        0x0 C:/Projects/University/303-Assignment/pacemaker_c_implementation_bsp/\libhal_bsp.a(altera_avalon_timer_sc.o)
 .data          0x0000000000809dd8        0x0 C:/Projects/University/303-Assignment/pacemaker_c_implementation_bsp/\libhal_bsp.a(altera_avalon_uart_fd.o)
 .data          0x0000000000809dd8        0x0 C:/Projects/University/303-Assignment/pacemaker_c_implementation_bsp/\libhal_bsp.a(altera_avalon_uart_init.o)
 .data          0x0000000000809dd8        0x0 C:/Projects/University/303-Assignment/pacemaker_c_implementation_bsp/\libhal_bsp.a(altera_avalon_uart_read.o)
 .data          0x0000000000809dd8        0x0 C:/Projects/University/303-Assignment/pacemaker_c_implementation_bsp/\libhal_bsp.a(altera_avalon_uart_write.o)
 .data          0x0000000000809dd8        0x0 C:/Projects/University/303-Assignment/pacemaker_c_implementation_bsp/\libhal_bsp.a(alt_dcache_flush_all.o)
 .data          0x0000000000809dd8        0x0 C:/Projects/University/303-Assignment/pacemaker_c_implementation_bsp/\libhal_bsp.a(alt_dev_llist_insert.o)
 .data          0x0000000000809dd8        0x0 C:/Projects/University/303-Assignment/pacemaker_c_implementation_bsp/\libhal_bsp.a(alt_do_ctors.o)
 .data          0x0000000000809dd8        0x0 C:/Projects/University/303-Assignment/pacemaker_c_implementation_bsp/\libhal_bsp.a(alt_do_dtors.o)
 .data          0x0000000000809dd8        0x0 C:/Projects/University/303-Assignment/pacemaker_c_implementation_bsp/\libhal_bsp.a(alt_icache_flush_all.o)
 .data          0x0000000000809dd8        0x0 C:/Projects/University/303-Assignment/pacemaker_c_implementation_bsp/\libhal_bsp.a(alt_iic.o)
 .data          0x0000000000809dd8        0x0 C:/Projects/University/303-Assignment/pacemaker_c_implementation_bsp/\libhal_bsp.a(alt_iic_isr_register.o)
 .data          0x0000000000809dd8        0x0 C:/Projects/University/303-Assignment/pacemaker_c_implementation_bsp/\libhal_bsp.a(alt_io_redirect.o)
 .data          0x0000000000809dd8        0x0 C:/Projects/University/303-Assignment/pacemaker_c_implementation_bsp/\libhal_bsp.a(alt_irq_entry.o)
 .data          0x0000000000809dd8        0x0 C:/Projects/University/303-Assignment/pacemaker_c_implementation_bsp/\libhal_bsp.a(alt_irq_handler.o)
 .data          0x0000000000809dd8        0x0 C:/Projects/University/303-Assignment/pacemaker_c_implementation_bsp/\libhal_bsp.a(alt_open.o)
 .data          0x0000000000809dd8        0x0 C:/Projects/University/303-Assignment/pacemaker_c_implementation_bsp/\libhal_bsp.a(alt_usleep.o)
 .data          0x0000000000809dd8        0x0 C:/Projects/University/303-Assignment/pacemaker_c_implementation_bsp/\libhal_bsp.a(altera_nios2_gen2_irq.o)
 .data          0x0000000000809dd8        0x0 C:/Projects/University/303-Assignment/pacemaker_c_implementation_bsp/\libhal_bsp.a(alt_busy_sleep.o)
 .data          0x0000000000809dd8        0x0 C:/Projects/University/303-Assignment/pacemaker_c_implementation_bsp/\libhal_bsp.a(alt_exception_entry.o)
 .data          0x0000000000809dd8        0x0 C:/Projects/University/303-Assignment/pacemaker_c_implementation_bsp/\libhal_bsp.a(alt_find_dev.o)
 .data          0x0000000000809dd8        0x0 C:/Projects/University/303-Assignment/pacemaker_c_implementation_bsp/\libhal_bsp.a(alt_find_file.o)
 .data          0x0000000000809dd8        0x0 C:/Projects/University/303-Assignment/pacemaker_c_implementation_bsp/\libhal_bsp.a(alt_get_fd.o)
 .data          0x0000000000809dd8        0x0 C:/Projects/University/303-Assignment/pacemaker_c_implementation_bsp/\libhal_bsp.a(alt_icache_flush.o)
 .data          0x0000000000809dd8        0x0 C:/Projects/University/303-Assignment/pacemaker_c_implementation_bsp/\libhal_bsp.a(alt_instruction_exception_entry.o)
 .data          0x0000000000809dd8        0x0 c:/intelfpga_lite/18.1/nios2eds/bin/gnu/h-x86_64-mingw32/bin/../lib/gcc/nios2-elf/5.3.0/../../../../../H-x86_64-mingw32/nios2-elf/lib\libc.a(lib_a-atexit.o)
 .data          0x0000000000809dd8        0x0 c:/intelfpga_lite/18.1/nios2eds/bin/gnu/h-x86_64-mingw32/bin/../lib/gcc/nios2-elf/5.3.0/../../../../../H-x86_64-mingw32/nios2-elf/lib\libc.a(lib_a-ctype_.o)
 .data          0x0000000000809dd8        0x0 c:/intelfpga_lite/18.1/nios2eds/bin/gnu/h-x86_64-mingw32/bin/../lib/gcc/nios2-elf/5.3.0/../../../../../H-x86_64-mingw32/nios2-elf/lib\libc.a(lib_a-exit.o)
 .data          0x0000000000809dd8        0x0 c:/intelfpga_lite/18.1/nios2eds/bin/gnu/h-x86_64-mingw32/bin/../lib/gcc/nios2-elf/5.3.0/../../../../../H-x86_64-mingw32/nios2-elf/lib\libc.a(lib_a-memcmp.o)
 .data          0x0000000000809dd8        0x0 c:/intelfpga_lite/18.1/nios2eds/bin/gnu/h-x86_64-mingw32/bin/../lib/gcc/nios2-elf/5.3.0/../../../../../H-x86_64-mingw32/nios2-elf/lib\libc.a(lib_a-__atexit.o)
 .data          0x0000000000809dd8        0x0 c:/intelfpga_lite/18.1/nios2eds/bin/gnu/h-x86_64-mingw32/bin/../lib/gcc/nios2-elf/5.3.0/../../../../../H-x86_64-mingw32/nios2-elf/lib\libc.a(lib_a-__call_atexit.o)
 .data          0x0000000000809dd8        0x0 C:/Projects/University/303-Assignment/pacemaker_c_implementation_bsp/\libhal_bsp.a(alt_exit.o)
                0x0000000000811dd8                _gp = ABSOLUTE ((. + 0x8000))
                [!provide]                        PROVIDE (gp, _gp)
 *(.rwdata .rwdata.*)
 *(.sdata .sdata.* .gnu.linkonce.s.*)
 .sdata._global_impure_ptr
                0x0000000000809dd8        0x4 c:/intelfpga_lite/18.1/nios2eds/bin/gnu/h-x86_64-mingw32/bin/../lib/gcc/nios2-elf/5.3.0/../../../../../H-x86_64-mingw32/nios2-elf/lib\libc.a(lib_a-impure.o)
                0x0000000000809dd8                _global_impure_ptr
 .sdata._impure_ptr
                0x0000000000809ddc        0x4 c:/intelfpga_lite/18.1/nios2eds/bin/gnu/h-x86_64-mingw32/bin/../lib/gcc/nios2-elf/5.3.0/../../../../../H-x86_64-mingw32/nios2-elf/lib\libc.a(lib_a-impure.o)
                0x0000000000809ddc                _impure_ptr
 .sdata.__malloc_sbrk_base
                0x0000000000809de0        0x4 c:/intelfpga_lite/18.1/nios2eds/bin/gnu/h-x86_64-mingw32/bin/../lib/gcc/nios2-elf/5.3.0/../../../../../H-x86_64-mingw32/nios2-elf/lib\libc.a(lib_a-mallocr.o)
                0x0000000000809de0                __malloc_sbrk_base
 .sdata.__malloc_trim_threshold
                0x0000000000809de4        0x4 c:/intelfpga_lite/18.1/nios2eds/bin/gnu/h-x86_64-mingw32/bin/../lib/gcc/nios2-elf/5.3.0/../../../../../H-x86_64-mingw32/nios2-elf/lib\libc.a(lib_a-mallocr.o)
                0x0000000000809de4                __malloc_trim_threshold
 .sdata         0x0000000000809de8       0x14 C:/Projects/University/303-Assignment/pacemaker_c_implementation_bsp/\libhal_bsp.a(alt_dev.o)
                0x0000000000809de8                alt_fs_list
                0x0000000000809df0                alt_dev_list
                0x0000000000809df8                alt_max_fd
 .sdata         0x0000000000809dfc        0x4 C:/Projects/University/303-Assignment/pacemaker_c_implementation_bsp/\libhal_bsp.a(alt_errno.o)
                0x0000000000809dfc                alt_errno
 .sdata         0x0000000000809e00        0x4 C:/Projects/University/303-Assignment/pacemaker_c_implementation_bsp/\libhal_bsp.a(alt_irq_vars.o)
                0x0000000000809e00                alt_priority_mask
 .sdata         0x0000000000809e04        0x4 C:/Projects/University/303-Assignment/pacemaker_c_implementation_bsp/\libhal_bsp.a(alt_sbrk.o)
 .sdata         0x0000000000809e08        0x8 C:/Projects/University/303-Assignment/pacemaker_c_implementation_bsp/\libhal_bsp.a(alt_tick.o)
                0x0000000000809e08                alt_alarm_list
 .sdata         0x0000000000809e10        0x4 C:/Projects/University/303-Assignment/pacemaker_c_implementation_bsp/\libhal_bsp.a(altera_avalon_lcd_16207.o)
 .sdata.__ctype_ptr__
                0x0000000000809e14        0x4 c:/intelfpga_lite/18.1/nios2eds/bin/gnu/h-x86_64-mingw32/bin/../lib/gcc/nios2-elf/5.3.0/../../../../../H-x86_64-mingw32/nios2-elf/lib\libc.a(lib_a-ctype_.o)
                0x0000000000809e14                __ctype_ptr__
 *(.sdata2 .sdata2.* .gnu.linkonce.s2.*)
                0x0000000000809e18                . = ALIGN (0x4)
                0x0000000000809e18                _edata = ABSOLUTE (.)
                [!provide]                        PROVIDE (edata, ABSOLUTE (.))
                0x0000000000809e18                PROVIDE (__ram_rwdata_end, ABSOLUTE (.))
                0x0000000000809e18                PROVIDE (__flash_rwdata_start, LOADADDR (.rwdata))

.bss            0x000000000080ba70      0x164
                0x000000000080ba70                __bss_start = ABSOLUTE (.)
                [!provide]                        PROVIDE (__sbss_start, ABSOLUTE (.))
                [!provide]                        PROVIDE (___sbss_start, ABSOLUTE (.))
 *(.dynsbss)
 *(.sbss .sbss.* .gnu.linkonce.sb.*)
 .sbss          0x000000000080ba70        0xd obj/default/main.o
                0x000000000080ba70                pulse_mode
                0x000000000080ba71                implementation_mode
                0x000000000080ba72                atrial_event
                0x000000000080ba73                ventricular_event
                0x000000000080ba74                is_paced
                0x000000000080ba75                led_pace_atrial_event
                0x000000000080ba76                led_pace_ventricular_event
                0x000000000080ba77                led_sense_atrial_event
                0x000000000080ba78                led_sense_ventricular_event
                0x000000000080ba79                a_pace_led_timer_already_started
                0x000000000080ba7a                v_pace_led_timer_already_started
                0x000000000080ba7b                a_sense_led_timer_already_started
                0x000000000080ba7c                v_sense_led_timer_already_started
 *fill*         0x000000000080ba7d        0x3 
 .sbss.__malloc_max_total_mem
                0x000000000080ba80        0x4 c:/intelfpga_lite/18.1/nios2eds/bin/gnu/h-x86_64-mingw32/bin/../lib/gcc/nios2-elf/5.3.0/../../../../../H-x86_64-mingw32/nios2-elf/lib\libc.a(lib_a-mallocr.o)
                0x000000000080ba80                __malloc_max_total_mem
 .sbss.__malloc_max_sbrked_mem
                0x000000000080ba84        0x4 c:/intelfpga_lite/18.1/nios2eds/bin/gnu/h-x86_64-mingw32/bin/../lib/gcc/nios2-elf/5.3.0/../../../../../H-x86_64-mingw32/nios2-elf/lib\libc.a(lib_a-mallocr.o)
                0x000000000080ba84                __malloc_max_sbrked_mem
 .sbss.__malloc_top_pad
                0x000000000080ba88        0x4 c:/intelfpga_lite/18.1/nios2eds/bin/gnu/h-x86_64-mingw32/bin/../lib/gcc/nios2-elf/5.3.0/../../../../../H-x86_64-mingw32/nios2-elf/lib\libc.a(lib_a-mallocr.o)
                0x000000000080ba88                __malloc_top_pad
 .sbss          0x000000000080ba8c        0x4 c:/intelfpga_lite/18.1/nios2eds/bin/gnu/h-x86_64-mingw32/bin/../lib/gcc/nios2-elf/5.3.0/../../../../../H-x86_64-mingw32/nios2-elf/lib\libc.a(lib_a-int_errno.o)
                0x000000000080ba8c                errno
 .sbss          0x000000000080ba90        0x4 C:/Projects/University/303-Assignment/pacemaker_c_implementation_bsp/\libhal_bsp.a(alt_irq_vars.o)
                0x000000000080ba90                alt_irq_active
 .sbss          0x000000000080ba94        0xc C:/Projects/University/303-Assignment/pacemaker_c_implementation_bsp/\libhal_bsp.a(alt_main.o)
                0x000000000080ba94                alt_argc
                0x000000000080ba98                alt_argv
                0x000000000080ba9c                alt_envp
 .sbss          0x000000000080baa0        0x8 C:/Projects/University/303-Assignment/pacemaker_c_implementation_bsp/\libhal_bsp.a(alt_tick.o)
                0x000000000080baa0                _alt_tick_rate
                0x000000000080baa4                _alt_nticks
 .sbss          0x000000000080baa8        0x4 C:/Projects/University/303-Assignment/pacemaker_c_implementation_bsp/\libhal_bsp.a(alt_instruction_exception_entry.o)
                0x000000000080baa8                alt_instruction_exception_handler
 *(.sbss2 .sbss2.* .gnu.linkonce.sb2.*)
 *(.scommon)
                [!provide]                        PROVIDE (__sbss_end, ABSOLUTE (.))
                [!provide]                        PROVIDE (___sbss_end, ABSOLUTE (.))
 *(.dynbss)
 *(.bss .bss.* .gnu.linkonce.b.*)
 .bss           0x000000000080baac        0x0 C:/Projects/University/303-Assignment/pacemaker_c_implementation_bsp//obj/HAL/src/crt0.o
 .bss           0x000000000080baac        0x0 obj/default/buttons_test.o
 .bss           0x000000000080baac        0x0 obj/default/main.o
 .bss           0x000000000080baac        0x0 obj/default/switches.o
 .bss           0x000000000080baac        0x0 obj/default/uart_test.o
 .bss           0x000000000080baac        0x0 c:/intelfpga_lite/18.1/nios2eds/bin/gnu/h-x86_64-mingw32/bin/../lib/gcc/nios2-elf/5.3.0/../../../../../H-x86_64-mingw32/nios2-elf/lib\libc.a(lib_a-puts.o)
 .bss           0x000000000080baac        0x0 c:/intelfpga_lite/18.1/nios2eds/bin/gnu/h-x86_64-mingw32/bin/../lib/gcc/nios2-elf/5.3.0/../../../../../H-x86_64-mingw32/nios2-elf/lib\libc.a(lib_a-strlen.o)
 .bss           0x000000000080baac        0x0 c:/intelfpga_lite/18.1/nios2eds/bin/gnu/h-x86_64-mingw32/bin/../lib/gcc/nios2-elf/5.3.0/../../../../../H-x86_64-mingw32/nios2-elf/lib\libc.a(lib_a-findfp.o)
 .bss           0x000000000080baac        0x0 c:/intelfpga_lite/18.1/nios2eds/bin/gnu/h-x86_64-mingw32/bin/../lib/gcc/nios2-elf/5.3.0/../../../../../H-x86_64-mingw32/nios2-elf/lib\libc.a(lib_a-fvwrite.o)
 .bss           0x000000000080baac        0x0 c:/intelfpga_lite/18.1/nios2eds/bin/gnu/h-x86_64-mingw32/bin/../lib/gcc/nios2-elf/5.3.0/../../../../../H-x86_64-mingw32/nios2-elf/lib\libc.a(lib_a-fwalk.o)
 .bss           0x000000000080baac        0x0 c:/intelfpga_lite/18.1/nios2eds/bin/gnu/h-x86_64-mingw32/bin/../lib/gcc/nios2-elf/5.3.0/../../../../../H-x86_64-mingw32/nios2-elf/lib\libc.a(lib_a-impure.o)
 .bss           0x000000000080baac        0x0 c:/intelfpga_lite/18.1/nios2eds/bin/gnu/h-x86_64-mingw32/bin/../lib/gcc/nios2-elf/5.3.0/../../../../../H-x86_64-mingw32/nios2-elf/lib\libc.a(lib_a-mallocr.o)
 .bss.__malloc_current_mallinfo
                0x000000000080baac       0x28 c:/intelfpga_lite/18.1/nios2eds/bin/gnu/h-x86_64-mingw32/bin/../lib/gcc/nios2-elf/5.3.0/../../../../../H-x86_64-mingw32/nios2-elf/lib\libc.a(lib_a-mallocr.o)
                0x000000000080baac                __malloc_current_mallinfo
 .bss           0x000000000080bad4        0x0 c:/intelfpga_lite/18.1/nios2eds/bin/gnu/h-x86_64-mingw32/bin/../lib/gcc/nios2-elf/5.3.0/../../../../../H-x86_64-mingw32/nios2-elf/lib\libc.a(lib_a-memchr.o)
 .bss           0x000000000080bad4        0x0 c:/intelfpga_lite/18.1/nios2eds/bin/gnu/h-x86_64-mingw32/bin/../lib/gcc/nios2-elf/5.3.0/../../../../../H-x86_64-mingw32/nios2-elf/lib\libc.a(lib_a-memcpy.o)
 .bss           0x000000000080bad4        0x0 c:/intelfpga_lite/18.1/nios2eds/bin/gnu/h-x86_64-mingw32/bin/../lib/gcc/nios2-elf/5.3.0/../../../../../H-x86_64-mingw32/nios2-elf/lib\libc.a(lib_a-memmove.o)
 .bss           0x000000000080bad4        0x0 c:/intelfpga_lite/18.1/nios2eds/bin/gnu/h-x86_64-mingw32/bin/../lib/gcc/nios2-elf/5.3.0/../../../../../H-x86_64-mingw32/nios2-elf/lib\libc.a(lib_a-memset.o)
 .bss           0x000000000080bad4        0x0 c:/intelfpga_lite/18.1/nios2eds/bin/gnu/h-x86_64-mingw32/bin/../lib/gcc/nios2-elf/5.3.0/../../../../../H-x86_64-mingw32/nios2-elf/lib\libc.a(lib_a-reallocr.o)
 .bss           0x000000000080bad4        0x0 c:/intelfpga_lite/18.1/nios2eds/bin/gnu/h-x86_64-mingw32/bin/../lib/gcc/nios2-elf/5.3.0/../../../../../H-x86_64-mingw32/nios2-elf/lib\libc.a(lib_a-sbrkr.o)
 .bss           0x000000000080bad4        0x0 c:/intelfpga_lite/18.1/nios2eds/bin/gnu/h-x86_64-mingw32/bin/../lib/gcc/nios2-elf/5.3.0/../../../../../H-x86_64-mingw32/nios2-elf/lib\libc.a(lib_a-stdio.o)
 .bss           0x000000000080bad4        0x0 c:/intelfpga_lite/18.1/nios2eds/bin/gnu/h-x86_64-mingw32/bin/../lib/gcc/nios2-elf/5.3.0/../../../../../H-x86_64-mingw32/nios2-elf/lib\libc.a(lib_a-writer.o)
 .bss           0x000000000080bad4        0x0 c:/intelfpga_lite/18.1/nios2eds/bin/gnu/h-x86_64-mingw32/bin/../lib/gcc/nios2-elf/5.3.0/../../../../../H-x86_64-mingw32/nios2-elf/lib\libc.a(lib_a-wsetup.o)
 .bss           0x000000000080bad4        0x0 c:/intelfpga_lite/18.1/nios2eds/bin/gnu/h-x86_64-mingw32/bin/../lib/gcc/nios2-elf/5.3.0/../../../../../H-x86_64-mingw32/nios2-elf/lib\libc.a(closer.o)
 .bss           0x000000000080bad4        0x0 c:/intelfpga_lite/18.1/nios2eds/bin/gnu/h-x86_64-mingw32/bin/../lib/gcc/nios2-elf/5.3.0/../../../../../H-x86_64-mingw32/nios2-elf/lib\libc.a(lib_a-fclose.o)
 .bss           0x000000000080bad4        0x0 c:/intelfpga_lite/18.1/nios2eds/bin/gnu/h-x86_64-mingw32/bin/../lib/gcc/nios2-elf/5.3.0/../../../../../H-x86_64-mingw32/nios2-elf/lib\libc.a(lib_a-fflush.o)
 .bss           0x000000000080bad4        0x0 c:/intelfpga_lite/18.1/nios2eds/bin/gnu/h-x86_64-mingw32/bin/../lib/gcc/nios2-elf/5.3.0/../../../../../H-x86_64-mingw32/nios2-elf/lib\libc.a(lib_a-freer.o)
 .bss           0x000000000080bad4        0x0 c:/intelfpga_lite/18.1/nios2eds/bin/gnu/h-x86_64-mingw32/bin/../lib/gcc/nios2-elf/5.3.0/../../../../../H-x86_64-mingw32/nios2-elf/lib\libc.a(lib_a-int_errno.o)
 .bss           0x000000000080bad4        0x0 c:/intelfpga_lite/18.1/nios2eds/bin/gnu/h-x86_64-mingw32/bin/../lib/gcc/nios2-elf/5.3.0/../../../../../H-x86_64-mingw32/nios2-elf/lib\libc.a(lib_a-lseekr.o)
 .bss           0x000000000080bad4        0x0 c:/intelfpga_lite/18.1/nios2eds/bin/gnu/h-x86_64-mingw32/bin/../lib/gcc/nios2-elf/5.3.0/../../../../../H-x86_64-mingw32/nios2-elf/lib\libc.a(lib_a-makebuf.o)
 .bss           0x000000000080bad4        0x0 c:/intelfpga_lite/18.1/nios2eds/bin/gnu/h-x86_64-mingw32/bin/../lib/gcc/nios2-elf/5.3.0/../../../../../H-x86_64-mingw32/nios2-elf/lib\libc.a(lib_a-readr.o)
 .bss           0x000000000080bad4        0x0 c:/intelfpga_lite/18.1/nios2eds/bin/gnu/h-x86_64-mingw32/bin/../lib/gcc/nios2-elf/5.3.0/../../../../../H-x86_64-mingw32/nios2-elf/lib\libc.a(lib_a-fstatr.o)
 .bss           0x000000000080bad4        0x0 c:/intelfpga_lite/18.1/nios2eds/bin/gnu/h-x86_64-mingw32/bin/../lib/gcc/nios2-elf/5.3.0/../../../../../H-x86_64-mingw32/nios2-elf/lib\libc.a(lib_a-isattyr.o)
 .bss           0x000000000080bad4        0x0 c:/intelfpga_lite/18.1/nios2eds/bin/gnu/h-x86_64-mingw32/bin/../lib/gcc/nios2-elf/5.3.0\libgcc.a(lib2-divmod.o)
 .bss           0x000000000080bad4        0x0 C:/Projects/University/303-Assignment/pacemaker_c_implementation_bsp/\libhal_bsp.a(alt_alarm_start.o)
 .bss           0x000000000080bad4        0x0 C:/Projects/University/303-Assignment/pacemaker_c_implementation_bsp/\libhal_bsp.a(alt_close.o)
 .bss           0x000000000080bad4        0x0 C:/Projects/University/303-Assignment/pacemaker_c_implementation_bsp/\libhal_bsp.a(alt_dev.o)
 .bss           0x000000000080bad4        0x0 C:/Projects/University/303-Assignment/pacemaker_c_implementation_bsp/\libhal_bsp.a(alt_errno.o)
 .bss           0x000000000080bad4        0x0 C:/Projects/University/303-Assignment/pacemaker_c_implementation_bsp/\libhal_bsp.a(alt_fstat.o)
 .bss           0x000000000080bad4        0x0 C:/Projects/University/303-Assignment/pacemaker_c_implementation_bsp/\libhal_bsp.a(alt_irq_register.o)
 .bss           0x000000000080bad4        0x0 C:/Projects/University/303-Assignment/pacemaker_c_implementation_bsp/\libhal_bsp.a(alt_irq_vars.o)
 .bss           0x000000000080bad4        0x0 C:/Projects/University/303-Assignment/pacemaker_c_implementation_bsp/\libhal_bsp.a(alt_isatty.o)
 .bss           0x000000000080bad4        0x0 C:/Projects/University/303-Assignment/pacemaker_c_implementation_bsp/\libhal_bsp.a(alt_load.o)
 .bss           0x000000000080bad4        0x0 C:/Projects/University/303-Assignment/pacemaker_c_implementation_bsp/\libhal_bsp.a(alt_lseek.o)
 .bss           0x000000000080bad4        0x0 C:/Projects/University/303-Assignment/pacemaker_c_implementation_bsp/\libhal_bsp.a(alt_main.o)
 .bss           0x000000000080bad4        0x0 C:/Projects/University/303-Assignment/pacemaker_c_implementation_bsp/\libhal_bsp.a(alt_malloc_lock.o)
 .bss           0x000000000080bad4        0x0 C:/Projects/University/303-Assignment/pacemaker_c_implementation_bsp/\libhal_bsp.a(alt_read.o)
 .bss           0x000000000080bad4        0x0 C:/Projects/University/303-Assignment/pacemaker_c_implementation_bsp/\libhal_bsp.a(alt_release_fd.o)
 .bss           0x000000000080bad4        0x0 C:/Projects/University/303-Assignment/pacemaker_c_implementation_bsp/\libhal_bsp.a(alt_sbrk.o)
 .bss           0x000000000080bad4        0x0 C:/Projects/University/303-Assignment/pacemaker_c_implementation_bsp/\libhal_bsp.a(alt_tick.o)
 .bss           0x000000000080bad4        0x0 C:/Projects/University/303-Assignment/pacemaker_c_implementation_bsp/\libhal_bsp.a(alt_write.o)
 .bss           0x000000000080bad4        0x0 C:/Projects/University/303-Assignment/pacemaker_c_implementation_bsp/\libhal_bsp.a(alt_sys_init.o)
 .bss           0x000000000080bad4        0x0 C:/Projects/University/303-Assignment/pacemaker_c_implementation_bsp/\libhal_bsp.a(altera_avalon_jtag_uart_fd.o)
 .bss           0x000000000080bad4        0x0 C:/Projects/University/303-Assignment/pacemaker_c_implementation_bsp/\libhal_bsp.a(altera_avalon_jtag_uart_init.o)
 .bss           0x000000000080bad4        0x0 C:/Projects/University/303-Assignment/pacemaker_c_implementation_bsp/\libhal_bsp.a(altera_avalon_jtag_uart_ioctl.o)
 .bss           0x000000000080bad4        0x0 C:/Projects/University/303-Assignment/pacemaker_c_implementation_bsp/\libhal_bsp.a(altera_avalon_jtag_uart_read.o)
 .bss           0x000000000080bad4        0x0 C:/Projects/University/303-Assignment/pacemaker_c_implementation_bsp/\libhal_bsp.a(altera_avalon_jtag_uart_write.o)
 .bss           0x000000000080bad4        0x0 C:/Projects/University/303-Assignment/pacemaker_c_implementation_bsp/\libhal_bsp.a(altera_avalon_lcd_16207.o)
 .bss           0x000000000080bad4        0x0 C:/Projects/University/303-Assignment/pacemaker_c_implementation_bsp/\libhal_bsp.a(altera_avalon_lcd_16207_fd.o)
 .bss           0x000000000080bad4        0x0 C:/Projects/University/303-Assignment/pacemaker_c_implementation_bsp/\libhal_bsp.a(altera_avalon_timer_sc.o)
 .bss           0x000000000080bad4        0x0 C:/Projects/University/303-Assignment/pacemaker_c_implementation_bsp/\libhal_bsp.a(altera_avalon_uart_fd.o)
 .bss           0x000000000080bad4        0x0 C:/Projects/University/303-Assignment/pacemaker_c_implementation_bsp/\libhal_bsp.a(altera_avalon_uart_init.o)
 .bss           0x000000000080bad4        0x0 C:/Projects/University/303-Assignment/pacemaker_c_implementation_bsp/\libhal_bsp.a(altera_avalon_uart_read.o)
 .bss           0x000000000080bad4        0x0 C:/Projects/University/303-Assignment/pacemaker_c_implementation_bsp/\libhal_bsp.a(altera_avalon_uart_write.o)
 .bss           0x000000000080bad4        0x0 C:/Projects/University/303-Assignment/pacemaker_c_implementation_bsp/\libhal_bsp.a(alt_dcache_flush_all.o)
 .bss           0x000000000080bad4        0x0 C:/Projects/University/303-Assignment/pacemaker_c_implementation_bsp/\libhal_bsp.a(alt_dev_llist_insert.o)
 .bss           0x000000000080bad4        0x0 C:/Projects/University/303-Assignment/pacemaker_c_implementation_bsp/\libhal_bsp.a(alt_do_ctors.o)
 .bss           0x000000000080bad4        0x0 C:/Projects/University/303-Assignment/pacemaker_c_implementation_bsp/\libhal_bsp.a(alt_do_dtors.o)
 .bss           0x000000000080bad4        0x0 C:/Projects/University/303-Assignment/pacemaker_c_implementation_bsp/\libhal_bsp.a(alt_icache_flush_all.o)
 .bss           0x000000000080bad4        0x0 C:/Projects/University/303-Assignment/pacemaker_c_implementation_bsp/\libhal_bsp.a(alt_iic.o)
 .bss           0x000000000080bad4        0x0 C:/Projects/University/303-Assignment/pacemaker_c_implementation_bsp/\libhal_bsp.a(alt_iic_isr_register.o)
 .bss           0x000000000080bad4        0x0 C:/Projects/University/303-Assignment/pacemaker_c_implementation_bsp/\libhal_bsp.a(alt_io_redirect.o)
 .bss           0x000000000080bad4        0x0 C:/Projects/University/303-Assignment/pacemaker_c_implementation_bsp/\libhal_bsp.a(alt_irq_entry.o)
 .bss           0x000000000080bad4        0x0 C:/Projects/University/303-Assignment/pacemaker_c_implementation_bsp/\libhal_bsp.a(alt_irq_handler.o)
 .bss           0x000000000080bad4        0x0 C:/Projects/University/303-Assignment/pacemaker_c_implementation_bsp/\libhal_bsp.a(alt_open.o)
 .bss           0x000000000080bad4        0x0 C:/Projects/University/303-Assignment/pacemaker_c_implementation_bsp/\libhal_bsp.a(alt_usleep.o)
 .bss           0x000000000080bad4        0x0 C:/Projects/University/303-Assignment/pacemaker_c_implementation_bsp/\libhal_bsp.a(altera_nios2_gen2_irq.o)
 .bss           0x000000000080bad4        0x0 C:/Projects/University/303-Assignment/pacemaker_c_implementation_bsp/\libhal_bsp.a(alt_busy_sleep.o)
 .bss           0x000000000080bad4        0x0 C:/Projects/University/303-Assignment/pacemaker_c_implementation_bsp/\libhal_bsp.a(alt_exception_entry.o)
 .bss           0x000000000080bad4        0x0 C:/Projects/University/303-Assignment/pacemaker_c_implementation_bsp/\libhal_bsp.a(alt_find_dev.o)
 .bss           0x000000000080bad4        0x0 C:/Projects/University/303-Assignment/pacemaker_c_implementation_bsp/\libhal_bsp.a(alt_find_file.o)
 .bss           0x000000000080bad4        0x0 C:/Projects/University/303-Assignment/pacemaker_c_implementation_bsp/\libhal_bsp.a(alt_get_fd.o)
 .bss           0x000000000080bad4        0x0 C:/Projects/University/303-Assignment/pacemaker_c_implementation_bsp/\libhal_bsp.a(alt_icache_flush.o)
 .bss           0x000000000080bad4        0x0 C:/Projects/University/303-Assignment/pacemaker_c_implementation_bsp/\libhal_bsp.a(alt_instruction_exception_entry.o)
 .bss           0x000000000080bad4        0x0 c:/intelfpga_lite/18.1/nios2eds/bin/gnu/h-x86_64-mingw32/bin/../lib/gcc/nios2-elf/5.3.0/../../../../../H-x86_64-mingw32/nios2-elf/lib\libc.a(lib_a-atexit.o)
 .bss           0x000000000080bad4        0x0 c:/intelfpga_lite/18.1/nios2eds/bin/gnu/h-x86_64-mingw32/bin/../lib/gcc/nios2-elf/5.3.0/../../../../../H-x86_64-mingw32/nios2-elf/lib\libc.a(lib_a-ctype_.o)
 .bss           0x000000000080bad4        0x0 c:/intelfpga_lite/18.1/nios2eds/bin/gnu/h-x86_64-mingw32/bin/../lib/gcc/nios2-elf/5.3.0/../../../../../H-x86_64-mingw32/nios2-elf/lib\libc.a(lib_a-exit.o)
 .bss           0x000000000080bad4        0x0 c:/intelfpga_lite/18.1/nios2eds/bin/gnu/h-x86_64-mingw32/bin/../lib/gcc/nios2-elf/5.3.0/../../../../../H-x86_64-mingw32/nios2-elf/lib\libc.a(lib_a-memcmp.o)
 .bss           0x000000000080bad4        0x0 c:/intelfpga_lite/18.1/nios2eds/bin/gnu/h-x86_64-mingw32/bin/../lib/gcc/nios2-elf/5.3.0/../../../../../H-x86_64-mingw32/nios2-elf/lib\libc.a(lib_a-__atexit.o)
 .bss           0x000000000080bad4        0x0 c:/intelfpga_lite/18.1/nios2eds/bin/gnu/h-x86_64-mingw32/bin/../lib/gcc/nios2-elf/5.3.0/../../../../../H-x86_64-mingw32/nios2-elf/lib\libc.a(lib_a-__call_atexit.o)
 .bss           0x000000000080bad4        0x0 C:/Projects/University/303-Assignment/pacemaker_c_implementation_bsp/\libhal_bsp.a(alt_exit.o)
 *(COMMON)
 COMMON         0x000000000080bad4      0x100 C:/Projects/University/303-Assignment/pacemaker_c_implementation_bsp/\libhal_bsp.a(alt_irq_handler.o)
                0x000000000080bad4                alt_irq
                0x000000000080bbd4                . = ALIGN (0x4)
                0x000000000080bbd4                __bss_end = ABSOLUTE (.)

.sdram          0x000000000080bbd4        0x0
                [!provide]                        PROVIDE (_alt_partition_sdram_start, ABSOLUTE (.))
 *(.sdram .sdram. sdram.*)
                0x000000000080bbd4                . = ALIGN (0x4)
                [!provide]                        PROVIDE (_alt_partition_sdram_end, ABSOLUTE (.))
                0x000000000080bbd4                _end = ABSOLUTE (.)
                0x000000000080bbd4                end = ABSOLUTE (.)
                0x000000000080bbd4                __alt_stack_base = ABSOLUTE (.)
                [!provide]                        PROVIDE (_alt_partition_sdram_load_addr, LOADADDR (.sdram))

.onchip_mem     0x0000000001008000        0x0 load address 0x000000000080bbd4
                [!provide]                        PROVIDE (_alt_partition_onchip_mem_start, ABSOLUTE (.))
 *(.onchip_mem .onchip_mem. onchip_mem.*)
                0x0000000001008000                . = ALIGN (0x4)
                [!provide]                        PROVIDE (_alt_partition_onchip_mem_end, ABSOLUTE (.))
                [!provide]                        PROVIDE (_alt_partition_onchip_mem_load_addr, LOADADDR (.onchip_mem))

.stab
 *(.stab)

.stabstr
 *(.stabstr)

.stab.excl
 *(.stab.excl)

.stab.exclstr
 *(.stab.exclstr)

.stab.index
 *(.stab.index)

.stab.indexstr
 *(.stab.indexstr)

.comment        0x0000000000000000       0x23
 *(.comment)
 .comment       0x0000000000000000       0x23 obj/default/buttons_test.o
                                         0x24 (size before relaxing)
 .comment       0x0000000000000023       0x24 obj/default/main.o
 .comment       0x0000000000000023       0x24 obj/default/switches.o
 .comment       0x0000000000000023       0x24 obj/default/uart_test.o
 .comment       0x0000000000000023       0x24 c:/intelfpga_lite/18.1/nios2eds/bin/gnu/h-x86_64-mingw32/bin/../lib/gcc/nios2-elf/5.3.0/../../../../../H-x86_64-mingw32/nios2-elf/lib\libc.a(lib_a-puts.o)
 .comment       0x0000000000000023       0x24 c:/intelfpga_lite/18.1/nios2eds/bin/gnu/h-x86_64-mingw32/bin/../lib/gcc/nios2-elf/5.3.0/../../../../../H-x86_64-mingw32/nios2-elf/lib\libc.a(lib_a-strlen.o)
 .comment       0x0000000000000023       0x24 c:/intelfpga_lite/18.1/nios2eds/bin/gnu/h-x86_64-mingw32/bin/../lib/gcc/nios2-elf/5.3.0/../../../../../H-x86_64-mingw32/nios2-elf/lib\libc.a(lib_a-findfp.o)
 .comment       0x0000000000000023       0x24 c:/intelfpga_lite/18.1/nios2eds/bin/gnu/h-x86_64-mingw32/bin/../lib/gcc/nios2-elf/5.3.0/../../../../../H-x86_64-mingw32/nios2-elf/lib\libc.a(lib_a-fvwrite.o)
 .comment       0x0000000000000023       0x24 c:/intelfpga_lite/18.1/nios2eds/bin/gnu/h-x86_64-mingw32/bin/../lib/gcc/nios2-elf/5.3.0/../../../../../H-x86_64-mingw32/nios2-elf/lib\libc.a(lib_a-fwalk.o)
 .comment       0x0000000000000023       0x24 c:/intelfpga_lite/18.1/nios2eds/bin/gnu/h-x86_64-mingw32/bin/../lib/gcc/nios2-elf/5.3.0/../../../../../H-x86_64-mingw32/nios2-elf/lib\libc.a(lib_a-impure.o)
 .comment       0x0000000000000023       0x24 c:/intelfpga_lite/18.1/nios2eds/bin/gnu/h-x86_64-mingw32/bin/../lib/gcc/nios2-elf/5.3.0/../../../../../H-x86_64-mingw32/nios2-elf/lib\libc.a(lib_a-mallocr.o)
 .comment       0x0000000000000023       0x24 c:/intelfpga_lite/18.1/nios2eds/bin/gnu/h-x86_64-mingw32/bin/../lib/gcc/nios2-elf/5.3.0/../../../../../H-x86_64-mingw32/nios2-elf/lib\libc.a(lib_a-memchr.o)
 .comment       0x0000000000000023       0x24 c:/intelfpga_lite/18.1/nios2eds/bin/gnu/h-x86_64-mingw32/bin/../lib/gcc/nios2-elf/5.3.0/../../../../../H-x86_64-mingw32/nios2-elf/lib\libc.a(lib_a-memcpy.o)
 .comment       0x0000000000000023       0x24 c:/intelfpga_lite/18.1/nios2eds/bin/gnu/h-x86_64-mingw32/bin/../lib/gcc/nios2-elf/5.3.0/../../../../../H-x86_64-mingw32/nios2-elf/lib\libc.a(lib_a-memmove.o)
 .comment       0x0000000000000023       0x24 c:/intelfpga_lite/18.1/nios2eds/bin/gnu/h-x86_64-mingw32/bin/../lib/gcc/nios2-elf/5.3.0/../../../../../H-x86_64-mingw32/nios2-elf/lib\libc.a(lib_a-memset.o)
 .comment       0x0000000000000023       0x24 c:/intelfpga_lite/18.1/nios2eds/bin/gnu/h-x86_64-mingw32/bin/../lib/gcc/nios2-elf/5.3.0/../../../../../H-x86_64-mingw32/nios2-elf/lib\libc.a(lib_a-reallocr.o)
 .comment       0x0000000000000023       0x24 c:/intelfpga_lite/18.1/nios2eds/bin/gnu/h-x86_64-mingw32/bin/../lib/gcc/nios2-elf/5.3.0/../../../../../H-x86_64-mingw32/nios2-elf/lib\libc.a(lib_a-sbrkr.o)
 .comment       0x0000000000000023       0x24 c:/intelfpga_lite/18.1/nios2eds/bin/gnu/h-x86_64-mingw32/bin/../lib/gcc/nios2-elf/5.3.0/../../../../../H-x86_64-mingw32/nios2-elf/lib\libc.a(lib_a-stdio.o)
 .comment       0x0000000000000023       0x24 c:/intelfpga_lite/18.1/nios2eds/bin/gnu/h-x86_64-mingw32/bin/../lib/gcc/nios2-elf/5.3.0/../../../../../H-x86_64-mingw32/nios2-elf/lib\libc.a(lib_a-writer.o)
 .comment       0x0000000000000023       0x24 c:/intelfpga_lite/18.1/nios2eds/bin/gnu/h-x86_64-mingw32/bin/../lib/gcc/nios2-elf/5.3.0/../../../../../H-x86_64-mingw32/nios2-elf/lib\libc.a(lib_a-wsetup.o)
 .comment       0x0000000000000023       0x24 c:/intelfpga_lite/18.1/nios2eds/bin/gnu/h-x86_64-mingw32/bin/../lib/gcc/nios2-elf/5.3.0/../../../../../H-x86_64-mingw32/nios2-elf/lib\libc.a(closer.o)
 .comment       0x0000000000000023       0x24 c:/intelfpga_lite/18.1/nios2eds/bin/gnu/h-x86_64-mingw32/bin/../lib/gcc/nios2-elf/5.3.0/../../../../../H-x86_64-mingw32/nios2-elf/lib\libc.a(lib_a-fclose.o)
 .comment       0x0000000000000023       0x24 c:/intelfpga_lite/18.1/nios2eds/bin/gnu/h-x86_64-mingw32/bin/../lib/gcc/nios2-elf/5.3.0/../../../../../H-x86_64-mingw32/nios2-elf/lib\libc.a(lib_a-fflush.o)
 .comment       0x0000000000000023       0x24 c:/intelfpga_lite/18.1/nios2eds/bin/gnu/h-x86_64-mingw32/bin/../lib/gcc/nios2-elf/5.3.0/../../../../../H-x86_64-mingw32/nios2-elf/lib\libc.a(lib_a-freer.o)
 .comment       0x0000000000000023       0x24 c:/intelfpga_lite/18.1/nios2eds/bin/gnu/h-x86_64-mingw32/bin/../lib/gcc/nios2-elf/5.3.0/../../../../../H-x86_64-mingw32/nios2-elf/lib\libc.a(lib_a-int_errno.o)
 .comment       0x0000000000000023       0x24 c:/intelfpga_lite/18.1/nios2eds/bin/gnu/h-x86_64-mingw32/bin/../lib/gcc/nios2-elf/5.3.0/../../../../../H-x86_64-mingw32/nios2-elf/lib\libc.a(lib_a-lseekr.o)
 .comment       0x0000000000000023       0x24 c:/intelfpga_lite/18.1/nios2eds/bin/gnu/h-x86_64-mingw32/bin/../lib/gcc/nios2-elf/5.3.0/../../../../../H-x86_64-mingw32/nios2-elf/lib\libc.a(lib_a-makebuf.o)
 .comment       0x0000000000000023       0x24 c:/intelfpga_lite/18.1/nios2eds/bin/gnu/h-x86_64-mingw32/bin/../lib/gcc/nios2-elf/5.3.0/../../../../../H-x86_64-mingw32/nios2-elf/lib\libc.a(lib_a-readr.o)
 .comment       0x0000000000000023       0x24 c:/intelfpga_lite/18.1/nios2eds/bin/gnu/h-x86_64-mingw32/bin/../lib/gcc/nios2-elf/5.3.0/../../../../../H-x86_64-mingw32/nios2-elf/lib\libc.a(lib_a-fstatr.o)
 .comment       0x0000000000000023       0x24 c:/intelfpga_lite/18.1/nios2eds/bin/gnu/h-x86_64-mingw32/bin/../lib/gcc/nios2-elf/5.3.0/../../../../../H-x86_64-mingw32/nios2-elf/lib\libc.a(lib_a-isattyr.o)
 .comment       0x0000000000000023       0x24 c:/intelfpga_lite/18.1/nios2eds/bin/gnu/h-x86_64-mingw32/bin/../lib/gcc/nios2-elf/5.3.0\libgcc.a(lib2-divmod.o)
 .comment       0x0000000000000023       0x24 C:/Projects/University/303-Assignment/pacemaker_c_implementation_bsp/\libhal_bsp.a(alt_alarm_start.o)
 .comment       0x0000000000000023       0x24 C:/Projects/University/303-Assignment/pacemaker_c_implementation_bsp/\libhal_bsp.a(alt_close.o)
 .comment       0x0000000000000023       0x24 C:/Projects/University/303-Assignment/pacemaker_c_implementation_bsp/\libhal_bsp.a(alt_dev.o)
 .comment       0x0000000000000023       0x24 C:/Projects/University/303-Assignment/pacemaker_c_implementation_bsp/\libhal_bsp.a(alt_errno.o)
 .comment       0x0000000000000023       0x24 C:/Projects/University/303-Assignment/pacemaker_c_implementation_bsp/\libhal_bsp.a(alt_fstat.o)
 .comment       0x0000000000000023       0x24 C:/Projects/University/303-Assignment/pacemaker_c_implementation_bsp/\libhal_bsp.a(alt_irq_register.o)
 .comment       0x0000000000000023       0x24 C:/Projects/University/303-Assignment/pacemaker_c_implementation_bsp/\libhal_bsp.a(alt_irq_vars.o)
 .comment       0x0000000000000023       0x24 C:/Projects/University/303-Assignment/pacemaker_c_implementation_bsp/\libhal_bsp.a(alt_isatty.o)
 .comment       0x0000000000000023       0x24 C:/Projects/University/303-Assignment/pacemaker_c_implementation_bsp/\libhal_bsp.a(alt_load.o)
 .comment       0x0000000000000023       0x24 C:/Projects/University/303-Assignment/pacemaker_c_implementation_bsp/\libhal_bsp.a(alt_lseek.o)
 .comment       0x0000000000000023       0x24 C:/Projects/University/303-Assignment/pacemaker_c_implementation_bsp/\libhal_bsp.a(alt_main.o)
 .comment       0x0000000000000023       0x24 C:/Projects/University/303-Assignment/pacemaker_c_implementation_bsp/\libhal_bsp.a(alt_malloc_lock.o)
 .comment       0x0000000000000023       0x24 C:/Projects/University/303-Assignment/pacemaker_c_implementation_bsp/\libhal_bsp.a(alt_read.o)
 .comment       0x0000000000000023       0x24 C:/Projects/University/303-Assignment/pacemaker_c_implementation_bsp/\libhal_bsp.a(alt_release_fd.o)
 .comment       0x0000000000000023       0x24 C:/Projects/University/303-Assignment/pacemaker_c_implementation_bsp/\libhal_bsp.a(alt_sbrk.o)
 .comment       0x0000000000000023       0x24 C:/Projects/University/303-Assignment/pacemaker_c_implementation_bsp/\libhal_bsp.a(alt_tick.o)
 .comment       0x0000000000000023       0x24 C:/Projects/University/303-Assignment/pacemaker_c_implementation_bsp/\libhal_bsp.a(alt_write.o)
 .comment       0x0000000000000023       0x24 C:/Projects/University/303-Assignment/pacemaker_c_implementation_bsp/\libhal_bsp.a(alt_sys_init.o)
 .comment       0x0000000000000023       0x24 C:/Projects/University/303-Assignment/pacemaker_c_implementation_bsp/\libhal_bsp.a(altera_avalon_jtag_uart_fd.o)
 .comment       0x0000000000000023       0x24 C:/Projects/University/303-Assignment/pacemaker_c_implementation_bsp/\libhal_bsp.a(altera_avalon_jtag_uart_init.o)
 .comment       0x0000000000000023       0x24 C:/Projects/University/303-Assignment/pacemaker_c_implementation_bsp/\libhal_bsp.a(altera_avalon_jtag_uart_ioctl.o)
 .comment       0x0000000000000023       0x24 C:/Projects/University/303-Assignment/pacemaker_c_implementation_bsp/\libhal_bsp.a(altera_avalon_jtag_uart_read.o)
 .comment       0x0000000000000023       0x24 C:/Projects/University/303-Assignment/pacemaker_c_implementation_bsp/\libhal_bsp.a(altera_avalon_jtag_uart_write.o)
 .comment       0x0000000000000023       0x24 C:/Projects/University/303-Assignment/pacemaker_c_implementation_bsp/\libhal_bsp.a(altera_avalon_lcd_16207.o)
 .comment       0x0000000000000023       0x24 C:/Projects/University/303-Assignment/pacemaker_c_implementation_bsp/\libhal_bsp.a(altera_avalon_lcd_16207_fd.o)
 .comment       0x0000000000000023       0x24 C:/Projects/University/303-Assignment/pacemaker_c_implementation_bsp/\libhal_bsp.a(altera_avalon_timer_sc.o)
 .comment       0x0000000000000023       0x24 C:/Projects/University/303-Assignment/pacemaker_c_implementation_bsp/\libhal_bsp.a(altera_avalon_uart_fd.o)
 .comment       0x0000000000000023       0x24 C:/Projects/University/303-Assignment/pacemaker_c_implementation_bsp/\libhal_bsp.a(altera_avalon_uart_init.o)
 .comment       0x0000000000000023       0x24 C:/Projects/University/303-Assignment/pacemaker_c_implementation_bsp/\libhal_bsp.a(altera_avalon_uart_read.o)